Archive member included to satisfy reference by file (symbol)

C:/devkitPro/libgba/lib\libgba.a(console.o)
                              main.o (consoleDemoInit)
C:/devkitPro/libgba/lib\libgba.a(amiga.fnt.o)
                              C:/devkitPro/libgba/lib\libgba.a(console.o) (amiga_fnt_size)
C:/devkitPro/libgba/lib\libgba.a(CpuSet.o)
                              C:/devkitPro/libgba/lib\libgba.a(console.o) (CpuFastSet)
c:/devkitpro/devkitarm/bin/../lib/gcc/arm-none-eabi/10.1.0/../../../../arm-none-eabi/lib/thumb\libg.a(lib_a-init.o)
                              c:/devkitpro/devkitarm/bin/../lib/gcc/arm-none-eabi/10.1.0/../../../../arm-none-eabi/lib/thumb/gba_crt0.o (__libc_init_array)
c:/devkitpro/devkitarm/bin/../lib/gcc/arm-none-eabi/10.1.0/../../../../arm-none-eabi/lib/thumb\libg.a(lib_a-printf.o)
                              main.o (printf)
c:/devkitpro/devkitarm/bin/../lib/gcc/arm-none-eabi/10.1.0/../../../../arm-none-eabi/lib/thumb\libg.a(lib_a-setvbuf.o)
                              C:/devkitPro/libgba/lib\libgba.a(console.o) (setvbuf)
c:/devkitpro/devkitarm/bin/../lib/gcc/arm-none-eabi/10.1.0/../../../../arm-none-eabi/lib/thumb\libg.a(lib_a-siscanf.o)
                              C:/devkitPro/libgba/lib\libgba.a(console.o) (siscanf)
c:/devkitpro/devkitarm/bin/../lib/gcc/arm-none-eabi/10.1.0/../../../../arm-none-eabi/lib/thumb\libg.a(lib_a-stdio.o)
                              c:/devkitpro/devkitarm/bin/../lib/gcc/arm-none-eabi/10.1.0/../../../../arm-none-eabi/lib/thumb\libg.a(lib_a-siscanf.o) (__seofread)
c:/devkitpro/devkitarm/bin/../lib/gcc/arm-none-eabi/10.1.0/../../../../arm-none-eabi/lib/thumb\libg.a(lib_a-strlen-stub.o)
                              c:/devkitpro/devkitarm/bin/../lib/gcc/arm-none-eabi/10.1.0/../../../../arm-none-eabi/lib/thumb\libg.a(lib_a-siscanf.o) (strlen)
c:/devkitpro/devkitarm/bin/../lib/gcc/arm-none-eabi/10.1.0/../../../../arm-none-eabi/lib/thumb\libg.a(lib_a-svfiscanf.o)
                              c:/devkitpro/devkitarm/bin/../lib/gcc/arm-none-eabi/10.1.0/../../../../arm-none-eabi/lib/thumb\libg.a(lib_a-siscanf.o) (__ssvfiscanf_r)
c:/devkitpro/devkitarm/bin/../lib/gcc/arm-none-eabi/10.1.0/../../../../arm-none-eabi/lib/thumb\libg.a(lib_a-ungetc.o)
                              c:/devkitpro/devkitarm/bin/../lib/gcc/arm-none-eabi/10.1.0/../../../../arm-none-eabi/lib/thumb\libg.a(lib_a-svfiscanf.o) (__submore)
c:/devkitpro/devkitarm/bin/../lib/gcc/arm-none-eabi/10.1.0/../../../../arm-none-eabi/lib/thumb\libg.a(lib_a-vfprintf.o)
                              c:/devkitpro/devkitarm/bin/../lib/gcc/arm-none-eabi/10.1.0/../../../../arm-none-eabi/lib/thumb\libg.a(lib_a-printf.o) (_vfprintf_r)
c:/devkitpro/devkitarm/bin/../lib/gcc/arm-none-eabi/10.1.0/../../../../arm-none-eabi/lib/thumb\libg.a(lib_a-wcrtomb.o)
                              c:/devkitpro/devkitarm/bin/../lib/gcc/arm-none-eabi/10.1.0/../../../../arm-none-eabi/lib/thumb\libg.a(lib_a-vfprintf.o) (_wcrtomb_r)
c:/devkitpro/devkitarm/bin/../lib/gcc/arm-none-eabi/10.1.0/../../../../arm-none-eabi/lib/thumb\libg.a(lib_a-wcsrtombs.o)
                              c:/devkitpro/devkitarm/bin/../lib/gcc/arm-none-eabi/10.1.0/../../../../arm-none-eabi/lib/thumb\libg.a(lib_a-vfprintf.o) (_wcsrtombs_r)
c:/devkitpro/devkitarm/bin/../lib/gcc/arm-none-eabi/10.1.0/../../../../arm-none-eabi/lib/thumb\libg.a(lib_a-wsetup.o)
                              c:/devkitpro/devkitarm/bin/../lib/gcc/arm-none-eabi/10.1.0/../../../../arm-none-eabi/lib/thumb\libg.a(lib_a-vfprintf.o) (__swsetup_r)
c:/devkitpro/devkitarm/bin/../lib/gcc/arm-none-eabi/10.1.0/../../../../arm-none-eabi/lib/thumb\libg.a(lib_a-ctype_.o)
                              c:/devkitpro/devkitarm/bin/../lib/gcc/arm-none-eabi/10.1.0/../../../../arm-none-eabi/lib/thumb\libg.a(lib_a-svfiscanf.o) (_ctype_)
c:/devkitpro/devkitarm/bin/../lib/gcc/arm-none-eabi/10.1.0/../../../../arm-none-eabi/lib/thumb\libg.a(lib_a-dtoa.o)
                              c:/devkitpro/devkitarm/bin/../lib/gcc/arm-none-eabi/10.1.0/../../../../arm-none-eabi/lib/thumb\libg.a(lib_a-vfprintf.o) (_dtoa_r)
c:/devkitpro/devkitarm/bin/../lib/gcc/arm-none-eabi/10.1.0/../../../../arm-none-eabi/lib/thumb\libg.a(lib_a-fflush.o)
                              c:/devkitpro/devkitarm/bin/../lib/gcc/arm-none-eabi/10.1.0/../../../../arm-none-eabi/lib/thumb\libg.a(lib_a-setvbuf.o) (_fflush_r)
c:/devkitpro/devkitarm/bin/../lib/gcc/arm-none-eabi/10.1.0/../../../../arm-none-eabi/lib/thumb\libg.a(lib_a-findfp.o)
                              c:/devkitpro/devkitarm/bin/../lib/gcc/arm-none-eabi/10.1.0/../../../../arm-none-eabi/lib/thumb\libg.a(lib_a-setvbuf.o) (__sinit)
c:/devkitpro/devkitarm/bin/../lib/gcc/arm-none-eabi/10.1.0/../../../../arm-none-eabi/lib/thumb\libg.a(lib_a-freer.o)
                              c:/devkitpro/devkitarm/bin/../lib/gcc/arm-none-eabi/10.1.0/../../../../arm-none-eabi/lib/thumb\libg.a(lib_a-setvbuf.o) (_free_r)
[...]
Memory Configuration

Name             Origin             Length             Attributes
rom              0x0000000008000000 0x0000000002000000
iwram            0x0000000003000000 0x0000000000008000
ewram            0x0000000002000000 0x0000000000040000
*default*        0x0000000000000000 0xffffffffffffffff

Linker script and memory map

                0x0000000008000000                __text_start = ORIGIN (rom)
                0x0000000002040000                __eheap_end = (ORIGIN (ewram) + LENGTH (ewram))
                0x0000000003000000                __iwram_start = ORIGIN (iwram)
                0x0000000003008000                __iwram_top = (ORIGIN (iwram) + LENGTH (iwram))
                0x0000000003007fa0                __sp_irq = (__iwram_top - 0x60)
                0x0000000003007f00                __sp_usr = (__sp_irq - 0xa0)
                0x0000000003007ff8                __irq_flags = 0x3007ff8
                0x0000000008000000                . = __text_start

.crt0           0x0000000008000000      0x210
 *(.crt0)
 .crt0          0x0000000008000000      0x210 c:/devkitpro/devkitarm/bin/../lib/gcc/arm-none-eabi/10.1.0/../../../../arm-none-eabi/lib/thumb/gba_crt0.o
                0x0000000008000000                _start
                0x00000000080000c4                __boot_method
                0x00000000080000c5                __slave_number
                0x00000000080000e0                start_vector
                0x0000000008000210                . = ALIGN (0x4)

.init           0x0000000008000210        0xc
 *(SORT_NONE(.init))
 .init          0x0000000008000210        0x4 c:/devkitpro/devkitarm/bin/../lib/gcc/arm-none-eabi/10.1.0/thumb/crti.o
                0x0000000008000210                _init
 .init          0x0000000008000214        0x8 c:/devkitpro/devkitarm/bin/../lib/gcc/arm-none-eabi/10.1.0/thumb/crtn.o

.plt            0x000000000800021c        0x0
 *(.plt)
                0x000000000800021c                . = ALIGN (0x4)

.text           0x0000000008000220     0xc828
 *(EXCLUDE_FILE(*.iwram*) .text*)
 .text.deregister_tm_clones
                0x0000000008000220       0x2c c:/devkitpro/devkitarm/bin/../lib/gcc/arm-none-eabi/10.1.0/thumb/crtbegin.o
 .text.register_tm_clones
                0x000000000800024c       0x34 c:/devkitpro/devkitarm/bin/../lib/gcc/arm-none-eabi/10.1.0/thumb/crtbegin.o
 .text.__do_global_dtors_aux
                0x0000000008000280       0x30 c:/devkitpro/devkitarm/bin/../lib/gcc/arm-none-eabi/10.1.0/thumb/crtbegin.o
 .text.frame_dummy
                0x00000000080002b0       0x28 c:/devkitpro/devkitarm/bin/../lib/gcc/arm-none-eabi/10.1.0/thumb/crtbegin.o
 .text.startup  0x00000000080002d8       0xd4 main.o
                0x00000000080002d8                main
 .text          0x00000000080003ac      0x5ac C:/devkitPro/libgba/lib\libgba.a(console.o)
                0x00000000080003ac                con_read
                0x00000000080003b4                con_close
                0x00000000080003bc                con_open
                0x00000000080003cc                con_write
                0x0000000008000614                consoleCls
                0x0000000008000644                upcvt_4bit
                0x0000000008000698                consoleInit
                0x0000000008000794                consoleDemoInit
                0x0000000008000894                consolePrintChar
 .text          0x0000000008000958        0x8 C:/devkitPro/libgba/lib\libgba.a(CpuSet.o)
                0x0000000008000958                CpuSet
                0x000000000800095c                CpuFastSet
 .text.__libc_init_array
                0x0000000008000960       0x50 c:/devkitpro/devkitarm/bin/../lib/gcc/arm-none-eabi/10.1.0/../../../../arm-none-eabi/lib/thumb\libg.a(lib_a-init.o)
                0x0000000008000960                __libc_init_array
 .text.printf   0x00000000080009b0       0x24 c:/devkitpro/devkitarm/bin/../lib/gcc/arm-none-eabi/10.1.0/../../../../arm-none-eabi/lib/thumb\libg.a(lib_a-printf.o)
                0x00000000080009b0                printf
 .text.setvbuf  0x00000000080009d4      0x1ac c:/devkitpro/devkitarm/bin/../lib/gcc/arm-none-eabi/10.1.0/../../../../arm-none-eabi/lib/thumb\libg.a(lib_a-setvbuf.o)
                0x00000000080009d4                setvbuf
 .text.siscanf  0x0000000008000b80       0x4c c:/devkitpro/devkitarm/bin/../lib/gcc/arm-none-eabi/10.1.0/../../../../arm-none-eabi/lib/thumb\libg.a(lib_a-siscanf.o)
                0x0000000008000b80                siscanf
 .text.__sread  0x0000000008000bcc       0x34 c:/devkitpro/devkitarm/bin/../lib/gcc/arm-none-eabi/10.1.0/../../../../arm-none-eabi/lib/thumb\libg.a(lib_a-stdio.o)
                0x0000000008000bcc                __sread
 .text.__seofread
                0x0000000008000c00        0x4 c:/devkitpro/devkitarm/bin/../lib/gcc/arm-none-eabi/10.1.0/../../../../arm-none-eabi/lib/thumb\libg.a(lib_a-stdio.o)
                0x0000000008000c00                __seofread
 .text.__swrite
                0x0000000008000c04       0x54 c:/devkitpro/devkitarm/bin/../lib/gcc/arm-none-eabi/10.1.0/../../../../arm-none-eabi/lib/thumb\libg.a(lib_a-stdio.o)
                0x0000000008000c04                __swrite
 .text.__sseek  0x0000000008000c58       0x40 c:/devkitpro/devkitarm/bin/../lib/gcc/arm-none-eabi/10.1.0/../../../../arm-none-eabi/lib/thumb\libg.a(lib_a-stdio.o)
                0x0000000008000c58                __sseek
 .text.__sclose
                0x0000000008000c98       0x10 c:/devkitpro/devkitarm/bin/../lib/gcc/arm-none-eabi/10.1.0/../../../../arm-none-eabi/lib/thumb\libg.a(lib_a-stdio.o)
                0x0000000008000c98                __sclose
 .text.strlen   0x0000000008000ca8       0x60 c:/devkitpro/devkitarm/bin/../lib/gcc/arm-none-eabi/10.1.0/../../../../arm-none-eabi/lib/thumb\libg.a(lib_a-strlen-stub.o)
                0x0000000008000ca8                strlen
 .text.get_arg  0x0000000008000d08       0x32 c:/devkitpro/devkitarm/bin/../lib/gcc/arm-none-eabi/10.1.0/../../../../arm-none-eabi/lib/thumb\libg.a(lib_a-svfiscanf.o)
 .text._sungetc_r
                0x0000000008000d3a       0x7e c:/devkitpro/devkitarm/bin/../lib/gcc/arm-none-eabi/10.1.0/../../../../arm-none-eabi/lib/thumb\libg.a(lib_a-svfiscanf.o)
                0x0000000008000d3a                _sungetc_r
 .text.__ssrefill_r
                0x0000000008000db8       0x42 c:/devkitpro/devkitarm/bin/../lib/gcc/arm-none-eabi/10.1.0/../../../../arm-none-eabi/lib/thumb\libg.a(lib_a-svfiscanf.o)
                0x0000000008000db8                __ssrefill_r
 .text._sfread_r
                0x0000000008000dfa       0x8a c:/devkitpro/devkitarm/bin/../lib/gcc/arm-none-eabi/10.1.0/../../../../arm-none-eabi/lib/thumb\libg.a(lib_a-svfiscanf.o)
                0x0000000008000dfa                _sfread_r
 .text.__ssvfiscanf_r
                0x0000000008000e84     0x1b6c c:/devkitpro/devkitarm/bin/../lib/gcc/arm-none-eabi/10.1.0/../../../../arm-none-eabi/lib/thumb\libg.a(lib_a-svfiscanf.o)
                0x0000000008000e84                __ssvfiscanf_r
 .text.__submore
                0x00000000080029f0       0x88 c:/devkitpro/devkitarm/bin/../lib/gcc/arm-none-eabi/10.1.0/../../../../arm-none-eabi/lib/thumb\libg.a(lib_a-ungetc.o)
                0x00000000080029f0                __submore
 .text.get_arg  0x0000000008002a78      0x3f0 c:/devkitpro/devkitarm/bin/../lib/gcc/arm-none-eabi/10.1.0/../../../../arm-none-eabi/lib/thumb\libg.a(lib_a-vfprintf.o)
 .text._vfprintf_r
                0x0000000008002e68     0x2520 c:/devkitpro/devkitarm/bin/../lib/gcc/arm-none-eabi/10.1.0/../../../../arm-none-eabi/lib/thumb\libg.a(lib_a-vfprintf.o)
                0x0000000008002e68                _vfprintf_r
 .text.__sbprintf
                0x0000000008005388       0x8c c:/devkitpro/devkitarm/bin/../lib/gcc/arm-none-eabi/10.1.0/../../../../arm-none-eabi/lib/thumb\libg.a(lib_a-vfprintf.o)
 .text._wcrtomb_r
                0x0000000008005414       0x5c c:/devkitpro/devkitarm/bin/../lib/gcc/arm-none-eabi/10.1.0/../../../../arm-none-eabi/lib/thumb\libg.a(lib_a-wcrtomb.o)
                0x0000000008005414                _wcrtomb_r
 .text._wcsrtombs_r
                0x0000000008005470       0x1c c:/devkitpro/devkitarm/bin/../lib/gcc/arm-none-eabi/10.1.0/../../../../arm-none-eabi/lib/thumb\libg.a(lib_a-wcsrtombs.o)
                0x0000000008005470                _wcsrtombs_r
 .text.__swsetup_r
                0x000000000800548c       0xe4 c:/devkitpro/devkitarm/bin/../lib/gcc/arm-none-eabi/10.1.0/../../../../arm-none-eabi/lib/thumb\libg.a(lib_a-wsetup.o)
                0x000000000800548c                __swsetup_r
 .text.quorem   0x0000000008005570      0x14c c:/devkitpro/devkitarm/bin/../lib/gcc/arm-none-eabi/10.1.0/../../../../arm-none-eabi/lib/thumb\libg.a(lib_a-dtoa.o)
 .text._dtoa_r  0x00000000080056bc      0xff0 c:/devkitpro/devkitarm/bin/../lib/gcc/arm-none-eabi/10.1.0/../../../../arm-none-eabi/lib/thumb\libg.a(lib_a-dtoa.o)
                0x00000000080056bc                _dtoa_r
 .text.__sflush_r
                0x00000000080066ac      0x1c0 c:/devkitpro/devkitarm/bin/../lib/gcc/arm-none-eabi/10.1.0/../../../../arm-none-eabi/lib/thumb\libg.a(lib_a-fflush.o)
                0x00000000080066ac                __sflush_r
 .text._fflush_r
                0x000000000800686c       0x70 c:/devkitpro/devkitarm/bin/../lib/gcc/arm-none-eabi/10.1.0/../../../../arm-none-eabi/lib/thumb\libg.a(lib_a-fflush.o)
                0x000000000800686c                _fflush_r
 .text._cleanup_r
                0x00000000080068dc       0x14 c:/devkitpro/devkitarm/bin/../lib/gcc/arm-none-eabi/10.1.0/../../../../arm-none-eabi/lib/thumb\libg.a(lib_a-findfp.o)
                0x00000000080068dc                _cleanup_r
 .text.__sinit  0x00000000080068f0      0x124 c:/devkitpro/devkitarm/bin/../lib/gcc/arm-none-eabi/10.1.0/../../../../arm-none-eabi/lib/thumb\libg.a(lib_a-findfp.o)
                0x00000000080068f0                __sinit
 .text.__sfp_lock_acquire
                0x0000000008006a14       0x14 c:/devkitpro/devkitarm/bin/../lib/gcc/arm-none-eabi/10.1.0/../../../../arm-none-eabi/lib/thumb\libg.a(lib_a-findfp.o)
                0x0000000008006a14                __sfp_lock_acquire
 .text.__sfp_lock_release
                0x0000000008006a28       0x14 c:/devkitpro/devkitarm/bin/../lib/gcc/arm-none-eabi/10.1.0/../../../../arm-none-eabi/lib/thumb\libg.a(lib_a-findfp.o)
                0x0000000008006a28                __sfp_lock_release
 .text._malloc_trim_r
                0x0000000008006a3c       0xa0 c:/devkitpro/devkitarm/bin/../lib/gcc/arm-none-eabi/10.1.0/../../../../arm-none-eabi/lib/thumb\libg.a(lib_a-freer.o)
                0x0000000008006a3c                _malloc_trim_r
 .text._free_r  0x0000000008006adc      0x1e0 c:/devkitpro/devkitarm/bin/../lib/gcc/arm-none-eabi/10.1.0/../../../../arm-none-eabi/lib/thumb\libg.a(lib_a-freer.o)
                0x0000000008006adc                _free_r
 .text._fwalk_reent
                0x0000000008006cbc       0x50 c:/devkitpro/devkitarm/bin/../lib/gcc/arm-none-eabi/10.1.0/../../../../arm-none-eabi/lib/thumb\libg.a(lib_a-fwalk.o)
                0x0000000008006cbc                _fwalk_reent
 .text.iswspace
                0x0000000008006d0c       0x10 c:/devkitpro/devkitarm/bin/../lib/gcc/arm-none-eabi/10.1.0/../../../../arm-none-eabi/lib/thumb\libg.a(lib_a-iswspace.o)
                0x0000000008006d0c                iswspace
 .text._localeconv_r
                0x0000000008006d1c        0x8 c:/devkitpro/devkitarm/bin/../lib/gcc/arm-none-eabi/10.1.0/../../../../arm-none-eabi/lib/thumb\libg.a(lib_a-localeconv.o)
                0x0000000008006d1c                _localeconv_r
 .text.__locale_mb_cur_max
                0x0000000008006d24       0x10 c:/devkitpro/devkitarm/bin/../lib/gcc/arm-none-eabi/10.1.0/../../../../arm-none-eabi/lib/thumb\libg.a(lib_a-locale.o)
                0x0000000008006d24                __locale_mb_cur_max
 .text.__smakebuf_r
                0x0000000008006d34       0xec c:/devkitpro/devkitarm/bin/../lib/gcc/arm-none-eabi/10.1.0/../../../../arm-none-eabi/lib/thumb\libg.a(lib_a-makebuf.o)
                0x0000000008006d34                __smakebuf_r
 .text.__swhatbuf_r
                0x0000000008006e20       0x64 c:/devkitpro/devkitarm/bin/../lib/gcc/arm-none-eabi/10.1.0/../../../../arm-none-eabi/lib/thumb\libg.a(lib_a-makebuf.o)
                0x0000000008006e20                __swhatbuf_r
 .text.malloc   0x0000000008006e84       0x14 c:/devkitpro/devkitarm/bin/../lib/gcc/arm-none-eabi/10.1.0/../../../../arm-none-eabi/lib/thumb\libg.a(lib_a-malloc.o)
                0x0000000008006e84                malloc
 .text.free     0x0000000008006e98       0x14 c:/devkitpro/devkitarm/bin/../lib/gcc/arm-none-eabi/10.1.0/../../../../arm-none-eabi/lib/thumb\libg.a(lib_a-malloc.o)
                0x0000000008006e98                free
 .text._malloc_r
                0x0000000008006eac      0x59c c:/devkitpro/devkitarm/bin/../lib/gcc/arm-none-eabi/10.1.0/../../../../arm-none-eabi/lib/thumb\libg.a(lib_a-mallocr.o)
                0x0000000008006eac                _malloc_r
 .text._mbrtowc_r
                0x0000000008007448       0x60 c:/devkitpro/devkitarm/bin/../lib/gcc/arm-none-eabi/10.1.0/../../../../arm-none-eabi/lib/thumb\libg.a(lib_a-mbrtowc.o)
                0x0000000008007448                _mbrtowc_r
 .text.__utf8_mbtowc
                0x00000000080074a8      0x280 c:/devkitpro/devkitarm/bin/../lib/gcc/arm-none-eabi/10.1.0/../../../../arm-none-eabi/lib/thumb\libg.a(lib_a-mbtowc_r.o)
                0x00000000080074a8                __utf8_mbtowc
 .text.memchr   0x0000000008007728       0x78 c:/devkitpro/devkitarm/bin/../lib/gcc/arm-none-eabi/10.1.0/../../../../arm-none-eabi/lib/thumb\libg.a(lib_a-memchr-stub.o)
                0x0000000008007728                memchr
 .text.memcpy   0x00000000080077a0       0xa8 c:/devkitpro/devkitarm/bin/../lib/gcc/arm-none-eabi/10.1.0/../../../../arm-none-eabi/lib/thumb\libg.a(lib_a-memcpy-stub.o)
                0x00000000080077a0                memcpy
 .text.memset   0x0000000008007848       0xb0 c:/devkitpro/devkitarm/bin/../lib/gcc/arm-none-eabi/10.1.0/../../../../arm-none-eabi/lib/thumb\libg.a(lib_a-memset.o)
                0x0000000008007848                memset
 .text.__malloc_lock
                0x00000000080078f8       0x14 c:/devkitpro/devkitarm/bin/../lib/gcc/arm-none-eabi/10.1.0/../../../../arm-none-eabi/lib/thumb\libg.a(lib_a-mlock.o)
                0x00000000080078f8                __malloc_lock
 .text.__malloc_unlock
                0x000000000800790c       0x14 c:/devkitpro/devkitarm/bin/../lib/gcc/arm-none-eabi/10.1.0/../../../../arm-none-eabi/lib/thumb\libg.a(lib_a-mlock.o)
                0x000000000800790c                __malloc_unlock
 .text._Balloc  0x0000000008007920       0x54 c:/devkitpro/devkitarm/bin/../lib/gcc/arm-none-eabi/10.1.0/../../../../arm-none-eabi/lib/thumb\libg.a(lib_a-mprec.o)
                0x0000000008007920                _Balloc
 .text._Bfree   0x0000000008007974       0x14 c:/devkitpro/devkitarm/bin/../lib/gcc/arm-none-eabi/10.1.0/../../../../arm-none-eabi/lib/thumb\libg.a(lib_a-mprec.o)
                0x0000000008007974                _Bfree
 .text.__multadd
                0x0000000008007988       0xac c:/devkitpro/devkitarm/bin/../lib/gcc/arm-none-eabi/10.1.0/../../../../arm-none-eabi/lib/thumb\libg.a(lib_a-mprec.o)
                0x0000000008007988                __multadd
 .text.__hi0bits
                0x0000000008007a34       0x38 c:/devkitpro/devkitarm/bin/../lib/gcc/arm-none-eabi/10.1.0/../../../../arm-none-eabi/lib/thumb\libg.a(lib_a-mprec.o)
                0x0000000008007a34                __hi0bits
 .text.__lo0bits
                0x0000000008007a6c       0x5c c:/devkitpro/devkitarm/bin/../lib/gcc/arm-none-eabi/10.1.0/../../../../arm-none-eabi/lib/thumb\libg.a(lib_a-mprec.o)
                0x0000000008007a6c                __lo0bits
 .text.__i2b    0x0000000008007ac8       0x64 c:/devkitpro/devkitarm/bin/../lib/gcc/arm-none-eabi/10.1.0/../../../../arm-none-eabi/lib/thumb\libg.a(lib_a-mprec.o)
                0x0000000008007ac8                __i2b
 .text.__multiply
                0x0000000008007b2c      0x1a8 c:/devkitpro/devkitarm/bin/../lib/gcc/arm-none-eabi/10.1.0/../../../../arm-none-eabi/lib/thumb\libg.a(lib_a-mprec.o)
                0x0000000008007b2c                __multiply
 .text.__pow5mult
                0x0000000008007cd4       0xdc c:/devkitpro/devkitarm/bin/../lib/gcc/arm-none-eabi/10.1.0/../../../../arm-none-eabi/lib/thumb\libg.a(lib_a-mprec.o)
                0x0000000008007cd4                __pow5mult
 .text.__lshift
                0x0000000008007db0      0x100 c:/devkitpro/devkitarm/bin/../lib/gcc/arm-none-eabi/10.1.0/../../../../arm-none-eabi/lib/thumb\libg.a(lib_a-mprec.o)
                0x0000000008007db0                __lshift
 .text.__mcmp   0x0000000008007eb0       0x38 c:/devkitpro/devkitarm/bin/../lib/gcc/arm-none-eabi/10.1.0/../../../../arm-none-eabi/lib/thumb\libg.a(lib_a-mprec.o)
                0x0000000008007eb0                __mcmp
 .text.__mdiff  0x0000000008007ee8      0x190 c:/devkitpro/devkitarm/bin/../lib/gcc/arm-none-eabi/10.1.0/../../../../arm-none-eabi/lib/thumb\libg.a(lib_a-mprec.o)
                0x0000000008007ee8                __mdiff
 .text.__d2b    0x0000000008008078       0xdc c:/devkitpro/devkitarm/bin/../lib/gcc/arm-none-eabi/10.1.0/../../../../arm-none-eabi/lib/thumb\libg.a(lib_a-mprec.o)
                0x0000000008008078                __d2b
 .text.realloc  0x0000000008008154       0x18 c:/devkitpro/devkitarm/bin/../lib/gcc/arm-none-eabi/10.1.0/../../../../arm-none-eabi/lib/thumb\libg.a(lib_a-realloc.o)
                0x0000000008008154                realloc
 .text._realloc_r
                0x000000000800816c      0x38c c:/devkitpro/devkitarm/bin/../lib/gcc/arm-none-eabi/10.1.0/../../../../arm-none-eabi/lib/thumb\libg.a(lib_a-reallocr.o)
                0x000000000800816c                _realloc_r
 .text.__sccl   0x00000000080084f8       0x90 c:/devkitpro/devkitarm/bin/../lib/gcc/arm-none-eabi/10.1.0/../../../../arm-none-eabi/lib/thumb\libg.a(lib_a-sccl.o)
                0x00000000080084f8                __sccl
 .text.frexp    0x0000000008008588       0x68 c:/devkitpro/devkitarm/bin/../lib/gcc/arm-none-eabi/10.1.0/../../../../arm-none-eabi/lib/thumb\libg.a(lib_a-s_frexp.o)
                0x0000000008008588                frexp
 .text          0x00000000080085f0      0x224 c:/devkitpro/devkitarm/bin/../lib/gcc/arm-none-eabi/10.1.0/../../../../arm-none-eabi/lib/thumb\libg.a(lib_a-strcmp.o)
                0x00000000080085f0                strcmp
 .text.strncpy  0x0000000008008814       0x74 c:/devkitpro/devkitarm/bin/../lib/gcc/arm-none-eabi/10.1.0/../../../../arm-none-eabi/lib/thumb\libg.a(lib_a-strncpy.o)
                0x0000000008008814                strncpy
 .text._strtoll_l.constprop.0
                0x0000000008008888      0x1ac c:/devkitpro/devkitarm/bin/../lib/gcc/arm-none-eabi/10.1.0/../../../../arm-none-eabi/lib/thumb\libg.a(lib_a-strtoll.o)
 .text._strtoll_r
                0x0000000008008a34        0xc c:/devkitpro/devkitarm/bin/../lib/gcc/arm-none-eabi/10.1.0/../../../../arm-none-eabi/lib/thumb\libg.a(lib_a-strtoll.o)
                0x0000000008008a34                _strtoll_r
 .text._strtol_l.part.0
                0x0000000008008a40      0x150 c:/devkitpro/devkitarm/bin/../lib/gcc/arm-none-eabi/10.1.0/../../../../arm-none-eabi/lib/thumb\libg.a(lib_a-strtol.o)
 .text._strtol_r
                0x0000000008008b90       0x20 c:/devkitpro/devkitarm/bin/../lib/gcc/arm-none-eabi/10.1.0/../../../../arm-none-eabi/lib/thumb\libg.a(lib_a-strtol.o)
                0x0000000008008b90                _strtol_r
 .text._strtoull_l.constprop.0
                0x0000000008008bb0      0x1c8 c:/devkitpro/devkitarm/bin/../lib/gcc/arm-none-eabi/10.1.0/../../../../arm-none-eabi/lib/thumb\libg.a(lib_a-strtoull.o)
 .text._strtoull_r
                0x0000000008008d78        0xc c:/devkitpro/devkitarm/bin/../lib/gcc/arm-none-eabi/10.1.0/../../../../arm-none-eabi/lib/thumb\libg.a(lib_a-strtoull.o)
                0x0000000008008d78                _strtoull_r
 .text._strtoul_l.constprop.0
                0x0000000008008d84      0x148 c:/devkitpro/devkitarm/bin/../lib/gcc/arm-none-eabi/10.1.0/../../../../arm-none-eabi/lib/thumb\libg.a(lib_a-strtoul.o)
 .text._strtoul_r
                0x0000000008008ecc        0xc c:/devkitpro/devkitarm/bin/../lib/gcc/arm-none-eabi/10.1.0/../../../../arm-none-eabi/lib/thumb\libg.a(lib_a-strtoul.o)
                0x0000000008008ecc                _strtoul_r
 .text.get_arg  0x0000000008008ed8      0x3f0 c:/devkitpro/devkitarm/bin/../lib/gcc/arm-none-eabi/10.1.0/../../../../arm-none-eabi/lib/thumb\libg.a(lib_a-vfiprintf.o)
 .text.__sprint_r
                0x00000000080092c8       0x20 c:/devkitpro/devkitarm/bin/../lib/gcc/arm-none-eabi/10.1.0/../../../../arm-none-eabi/lib/thumb\libg.a(lib_a-vfiprintf.o)
                0x00000000080092c8                __sprint_r
 .text._vfiprintf_r
                0x00000000080092e8     0x1800 c:/devkitpro/devkitarm/bin/../lib/gcc/arm-none-eabi/10.1.0/../../../../arm-none-eabi/lib/thumb\libg.a(lib_a-vfiprintf.o)
                0x00000000080092e8                _vfiprintf_r
 .text.__sbprintf
                0x000000000800aae8       0x8c c:/devkitpro/devkitarm/bin/../lib/gcc/arm-none-eabi/10.1.0/../../../../arm-none-eabi/lib/thumb\libg.a(lib_a-vfiprintf.o)
 .text._wcsnrtombs_l
                0x000000000800ab74      0x138 c:/devkitpro/devkitarm/bin/../lib/gcc/arm-none-eabi/10.1.0/../../../../arm-none-eabi/lib/thumb\libg.a(lib_a-wcsnrtombs.o)
                0x000000000800ab74                _wcsnrtombs_l
 .text._wcsnrtombs_r
                0x000000000800acac       0x30 c:/devkitpro/devkitarm/bin/../lib/gcc/arm-none-eabi/10.1.0/../../../../arm-none-eabi/lib/thumb\libg.a(lib_a-wcsnrtombs.o)
                0x000000000800acac                _wcsnrtombs_r
 .text.__utf8_wctomb
                0x000000000800acdc       0xb4 c:/devkitpro/devkitarm/bin/../lib/gcc/arm-none-eabi/10.1.0/../../../../arm-none-eabi/lib/thumb\libg.a(lib_a-wctomb_r.o)
                0x000000000800acdc                __utf8_wctomb
 .text.__assert_func
                0x000000000800ad90       0x40 c:/devkitpro/devkitarm/bin/../lib/gcc/arm-none-eabi/10.1.0/../../../../arm-none-eabi/lib/thumb\libg.a(lib_a-assert.o)
                0x000000000800ad90                __assert_func
 .text._calloc_r
                0x000000000800add0       0x60 c:/devkitpro/devkitarm/bin/../lib/gcc/arm-none-eabi/10.1.0/../../../../arm-none-eabi/lib/thumb\libg.a(lib_a-callocr.o)
                0x000000000800add0                _calloc_r
 .text.__errno  0x000000000800ae30        0xc c:/devkitpro/devkitarm/bin/../lib/gcc/arm-none-eabi/10.1.0/../../../../arm-none-eabi/lib/thumb\libg.a(lib_a-errno.o)
                0x000000000800ae30                __errno
 .text._fclose_r
                0x000000000800ae3c       0xe8 c:/devkitpro/devkitarm/bin/../lib/gcc/arm-none-eabi/10.1.0/../../../../arm-none-eabi/lib/thumb\libg.a(lib_a-fclose.o)
                0x000000000800ae3c                _fclose_r
 .text.fiprintf
                0x000000000800af24       0x28 c:/devkitpro/devkitarm/bin/../lib/gcc/arm-none-eabi/10.1.0/../../../../arm-none-eabi/lib/thumb\libg.a(lib_a-fiprintf.o)
                0x000000000800af24                fiprintf
 .text.__sfvwrite_r
                0x000000000800af4c      0x324 c:/devkitpro/devkitarm/bin/../lib/gcc/arm-none-eabi/10.1.0/../../../../arm-none-eabi/lib/thumb\libg.a(lib_a-fvwrite.o)
                0x000000000800af4c                __sfvwrite_r
 .text.iswspace_l
                0x000000000800b270       0x2c c:/devkitpro/devkitarm/bin/../lib/gcc/arm-none-eabi/10.1.0/../../../../arm-none-eabi/lib/thumb\libg.a(lib_a-iswspace_l.o)
                0x000000000800b270                iswspace_l
 .text.__jp2uc  0x000000000800b29c      0x164 c:/devkitpro/devkitarm/bin/../lib/gcc/arm-none-eabi/10.1.0/../../../../arm-none-eabi/lib/thumb\libg.a(lib_a-jp2uc.o)
 .text._jp2uc_l
                0x000000000800b400       0x6c c:/devkitpro/devkitarm/bin/../lib/gcc/arm-none-eabi/10.1.0/../../../../arm-none-eabi/lib/thumb\libg.a(lib_a-jp2uc.o)
                0x000000000800b400                _jp2uc_l
 .text.memmove  0x000000000800b46c       0xbc c:/devkitpro/devkitarm/bin/../lib/gcc/arm-none-eabi/10.1.0/../../../../arm-none-eabi/lib/thumb\libg.a(lib_a-memmove.o)
                0x000000000800b46c                memmove
 .text.abort    0x000000000800b528       0x10 c:/devkitpro/devkitarm/bin/../lib/gcc/arm-none-eabi/10.1.0/../../../../arm-none-eabi/lib/thumb\libg.a(lib_a-abort.o)
                0x000000000800b528                abort
 .text.category
                0x000000000800b538       0x54 c:/devkitpro/devkitarm/bin/../lib/gcc/arm-none-eabi/10.1.0/../../../../arm-none-eabi/lib/thumb\libg.a(lib_a-categories.o)
                0x000000000800b538                category
 .text._raise_r
                0x000000000800b58c       0x64 c:/devkitpro/devkitarm/bin/../lib/gcc/arm-none-eabi/10.1.0/../../../../arm-none-eabi/lib/thumb\libg.a(lib_a-signal.o)
                0x000000000800b58c                _raise_r
 .text.raise    0x000000000800b5f0       0x14 c:/devkitpro/devkitarm/bin/../lib/gcc/arm-none-eabi/10.1.0/../../../../arm-none-eabi/lib/thumb\libg.a(lib_a-signal.o)
                0x000000000800b5f0                raise
 .text.null_write
                0x000000000800b604        0x4 c:/devkitpro/devkitarm/bin/../lib/gcc/arm-none-eabi/10.1.0/../../../../arm-none-eabi/lib/thumb\libsysbase.a(iosupport.o)
 .text._fstat_r
                0x000000000800b608       0x4c c:/devkitpro/devkitarm/bin/../lib/gcc/arm-none-eabi/10.1.0/../../../../arm-none-eabi/lib/thumb\libsysbase.a(fstat.o)
                0x000000000800b608                _fstat_r
 .text._getpid_r
                0x000000000800b654        0xc c:/devkitpro/devkitarm/bin/../lib/gcc/arm-none-eabi/10.1.0/../../../../arm-none-eabi/lib/thumb\libsysbase.a(getpid.o)
                0x000000000800b654                _getpid_r
 .text._isatty_r
                0x000000000800b660        0x4 c:/devkitpro/devkitarm/bin/../lib/gcc/arm-none-eabi/10.1.0/../../../../arm-none-eabi/lib/thumb\libsysbase.a(isatty.o)
                0x000000000800b660                _isatty_r
 .text._kill_r  0x000000000800b664        0xc c:/devkitpro/devkitarm/bin/../lib/gcc/arm-none-eabi/10.1.0/../../../../arm-none-eabi/lib/thumb\libsysbase.a(kill.o)
                0x000000000800b664                _kill_r
 .text._lseek_r
                0x000000000800b670       0x5c c:/devkitpro/devkitarm/bin/../lib/gcc/arm-none-eabi/10.1.0/../../../../arm-none-eabi/lib/thumb\libsysbase.a(lseek.o)
                0x000000000800b670                _lseek_r
 .text._read_r  0x000000000800b6cc       0x50 c:/devkitpro/devkitarm/bin/../lib/gcc/arm-none-eabi/10.1.0/../../../../arm-none-eabi/lib/thumb\libsysbase.a(read.o)
                0x000000000800b6cc                _read_r
 .text._sbrk_r  0x000000000800b71c       0x54 c:/devkitpro/devkitarm/bin/../lib/gcc/arm-none-eabi/10.1.0/../../../../arm-none-eabi/lib/thumb\libsysbase.a(sbrk.o)
                0x000000000800b71c                _sbrk_r
 .text._write_r
                0x000000000800b770       0x50 c:/devkitpro/devkitarm/bin/../lib/gcc/arm-none-eabi/10.1.0/../../../../arm-none-eabi/lib/thumb\libsysbase.a(write.o)
                0x000000000800b770                _write_r
 .text._exit    0x000000000800b7c0       0x18 c:/devkitpro/devkitarm/bin/../lib/gcc/arm-none-eabi/10.1.0/../../../../arm-none-eabi/lib/thumb\libsysbase.a(_exit.o)
                0x000000000800b7c0                _exit
 .text.__flockfile
                0x000000000800b7d8       0x10 c:/devkitpro/devkitarm/bin/../lib/gcc/arm-none-eabi/10.1.0/../../../../arm-none-eabi/lib/thumb\libsysbase.a(flock.o)
                0x000000000800b7d8                __flockfile
 .text.__funlockfile
                0x000000000800b7e8       0x10 c:/devkitpro/devkitarm/bin/../lib/gcc/arm-none-eabi/10.1.0/../../../../arm-none-eabi/lib/thumb\libsysbase.a(flock.o)
                0x000000000800b7e8                __funlockfile
 .text.__libc_lock_acquire
                0x000000000800b7f8       0x1c c:/devkitpro/devkitarm/bin/../lib/gcc/arm-none-eabi/10.1.0/../../../../arm-none-eabi/lib/thumb\libsysbase.a(syscall_support.o)
                0x000000000800b7f8                __libc_lock_acquire
 .text.__libc_lock_release
                0x000000000800b814       0x1c c:/devkitpro/devkitarm/bin/../lib/gcc/arm-none-eabi/10.1.0/../../../../arm-none-eabi/lib/thumb\libsysbase.a(syscall_support.o)
                0x000000000800b814                __libc_lock_release
 .text.__libc_lock_init_recursive
                0x000000000800b830       0x1c c:/devkitpro/devkitarm/bin/../lib/gcc/arm-none-eabi/10.1.0/../../../../arm-none-eabi/lib/thumb\libsysbase.a(syscall_support.o)
                0x000000000800b830                __libc_lock_init_recursive
 .text.__libc_lock_acquire_recursive
                0x000000000800b84c       0x1c c:/devkitpro/devkitarm/bin/../lib/gcc/arm-none-eabi/10.1.0/../../../../arm-none-eabi/lib/thumb\libsysbase.a(syscall_support.o)
                0x000000000800b84c                __libc_lock_acquire_recursive
 .text.__libc_lock_release_recursive
                0x000000000800b868       0x1c c:/devkitpro/devkitarm/bin/../lib/gcc/arm-none-eabi/10.1.0/../../../../arm-none-eabi/lib/thumb\libsysbase.a(syscall_support.o)
                0x000000000800b868                __libc_lock_release_recursive
 .text.__libc_lock_close_recursive
                0x000000000800b884       0x1c c:/devkitpro/devkitarm/bin/../lib/gcc/arm-none-eabi/10.1.0/../../../../arm-none-eabi/lib/thumb\libsysbase.a(syscall_support.o)
                0x000000000800b884                __libc_lock_close_recursive
 .text.__get_handle
                0x000000000800b8a0       0x34 c:/devkitpro/devkitarm/bin/../lib/gcc/arm-none-eabi/10.1.0/../../../../arm-none-eabi/lib/thumb\libsysbase.a(handle_manager.o)
                0x000000000800b8a0                __get_handle
 .text._close_r
                0x000000000800b8d4       0xb8 c:/devkitpro/devkitarm/bin/../lib/gcc/arm-none-eabi/10.1.0/../../../../arm-none-eabi/lib/thumb\libsysbase.a(handle_manager.o)
                0x000000000800b8d4                _close_r
 .text.__getreent
                0x000000000800b98c       0x28 c:/devkitpro/devkitarm/bin/../lib/gcc/arm-none-eabi/10.1.0/../../../../arm-none-eabi/lib/thumb\libsysbase.a(getreent.o)
                0x000000000800b98c                __getreent
 .text          0x000000000800b9b4       0x14 c:/devkitpro/devkitarm/bin/../lib/gcc/arm-none-eabi/10.1.0/thumb\libgcc.a(_thumb1_case_uqi.o)
                0x000000000800b9b4                __gnu_thumb1_case_uqi
 .text          0x000000000800b9c8       0x14 c:/devkitpro/devkitarm/bin/../lib/gcc/arm-none-eabi/10.1.0/thumb\libgcc.a(_thumb1_case_uhi.o)
                0x000000000800b9c8                __gnu_thumb1_case_uhi
 .text          0x000000000800b9dc      0x11c c:/devkitpro/devkitarm/bin/../lib/gcc/arm-none-eabi/10.1.0/thumb\libgcc.a(_udivsi3.o)
                0x000000000800b9dc                __aeabi_uidiv
                0x000000000800b9dc                __udivsi3
                0x000000000800bad8                __aeabi_uidivmod
 .text          0x000000000800baf8      0x150 c:/devkitpro/devkitarm/bin/../lib/gcc/arm-none-eabi/10.1.0/thumb\libgcc.a(_divsi3.o)
                0x000000000800baf8                __divsi3
                0x000000000800baf8                __aeabi_idiv
                0x000000000800bc28                __aeabi_idivmod
 .text          0x000000000800bc48        0x4 c:/devkitpro/devkitarm/bin/../lib/gcc/arm-none-eabi/10.1.0/thumb\libgcc.a(_dvmd_tls.o)
                0x000000000800bc48                __aeabi_idiv0
                0x000000000800bc48                __aeabi_ldiv0
 .text          0x000000000800bc4c      0x424 c:/devkitpro/devkitarm/bin/../lib/gcc/arm-none-eabi/10.1.0/thumb\libgcc.a(_arm_addsubdf3.o)
                0x000000000800bc4c                __aeabi_drsub
                0x000000000800bc54                __aeabi_dsub
                0x000000000800bc54                __subdf3
                0x000000000800bc58                __aeabi_dadd
                0x000000000800bc58                __adddf3
                0x000000000800bf68                __floatunsidf
                0x000000000800bf68                __aeabi_ui2d
                0x000000000800bf8c                __floatsidf
                0x000000000800bf8c                __aeabi_i2d
                0x000000000800bfb4                __aeabi_f2d
                0x000000000800bfb4                __extendsfdf2
                0x000000000800bffc                __floatundidf
                0x000000000800bffc                __aeabi_ul2d
                0x000000000800c010                __floatdidf
                0x000000000800c010                __aeabi_l2d
 .text          0x000000000800c070      0x49c c:/devkitpro/devkitarm/bin/../lib/gcc/arm-none-eabi/10.1.0/thumb\libgcc.a(_arm_muldivdf3.o)
                0x000000000800c070                __aeabi_dmul
                0x000000000800c070                __muldf3
                0x000000000800c300                __divdf3
                0x000000000800c300                __aeabi_ddiv
 .text          0x000000000800c50c      0x144 c:/devkitpro/devkitarm/bin/../lib/gcc/arm-none-eabi/10.1.0/thumb\libgcc.a(_arm_cmpdf2.o)
                0x000000000800c50c                __gtdf2
                0x000000000800c50c                __gedf2
                0x000000000800c514                __ltdf2
                0x000000000800c514                __ledf2
                0x000000000800c51c                __nedf2
                0x000000000800c51c                __eqdf2
                0x000000000800c51c                __cmpdf2
                0x000000000800c5a4                __aeabi_cdrcmple
                0x000000000800c5c0                __aeabi_cdcmpeq
                0x000000000800c5c0                __aeabi_cdcmple
                0x000000000800c5d8                __aeabi_dcmpeq
                0x000000000800c5f0                __aeabi_dcmplt
                0x000000000800c608                __aeabi_dcmple
                0x000000000800c620                __aeabi_dcmpge
                0x000000000800c638                __aeabi_dcmpgt
 .text          0x000000000800c650       0x38 c:/devkitpro/devkitarm/bin/../lib/gcc/arm-none-eabi/10.1.0/thumb\libgcc.a(_arm_unorddf2.o)
                0x000000000800c650                __unorddf2
                0x000000000800c650                __aeabi_dcmpun
 .text          0x000000000800c688       0x5c c:/devkitpro/devkitarm/bin/../lib/gcc/arm-none-eabi/10.1.0/thumb\libgcc.a(_arm_fixdfsi.o)
                0x000000000800c688                __aeabi_d2iz
                0x000000000800c688                __fixdfsi
 .text          0x000000000800c6e4       0x3c c:/devkitpro/devkitarm/bin/../lib/gcc/arm-none-eabi/10.1.0/thumb\libgcc.a(_aeabi_uldivmod.o)
                0x000000000800c6e4                __aeabi_uldivmod
 .text.__muldi3
                0x000000000800c720       0x54 c:/devkitpro/devkitarm/bin/../lib/gcc/arm-none-eabi/10.1.0/thumb\libgcc.a(_muldi3.o)
                0x000000000800c720                __muldi3
                0x000000000800c720                __aeabi_lmul
 .text.__udivmoddi4
                0x000000000800c774      0x19c c:/devkitpro/devkitarm/bin/../lib/gcc/arm-none-eabi/10.1.0/thumb\libgcc.a(_udivmoddi4.o)
                0x000000000800c774                __udivmoddi4
 .text          0x000000000800c910       0x28 c:/devkitpro/devkitarm/bin/../lib/gcc/arm-none-eabi/10.1.0/thumb\libgcc.a(_clzdi2.o)
                0x000000000800c910                __clzdi2
 .text          0x000000000800c938       0x48 c:/devkitpro/devkitarm/bin/../lib/gcc/arm-none-eabi/10.1.0/thumb\libgcc.a(_clzsi2.o)
                0x000000000800c938                __clzsi2
 .text.__stub   0x000000000800c980       0xbc linker stubs
 *(.gnu.linkonce.t.*)
 *(.text.*personality*)
 *(.gnu.warning)
 *(.glue_7t)
 .glue_7t       0x000000000800ca48        0x0 linker stubs
 *(.glue_7)
 .glue_7        0x000000000800ca48        0x0 linker stubs
 *(.vfp11_veneer)
 .vfp11_veneer  0x000000000800ca48        0x0 linker stubs
                0x000000000800ca48                . = ALIGN (0x4)
                0x000000000800ca48                __text_end = .

.v4_bx          0x000000000800ca48        0x0
 .v4_bx         0x000000000800ca48        0x0 linker stubs

.iplt           0x000000000800ca48        0x0
 .iplt          0x000000000800ca48        0x0 c:/devkitpro/devkitarm/bin/../lib/gcc/arm-none-eabi/10.1.0/../../../../arm-none-eabi/lib/thumb/gba_crt0.o

.fini           0x000000000800ca48        0xc
 *(.fini)
 .fini          0x000000000800ca48        0x4 c:/devkitpro/devkitarm/bin/../lib/gcc/arm-none-eabi/10.1.0/thumb/crti.o
                0x000000000800ca48                _fini
 .fini          0x000000000800ca4c        0x8 c:/devkitpro/devkitarm/bin/../lib/gcc/arm-none-eabi/10.1.0/thumb/crtn.o
                0x000000000800ca54                . = ALIGN (0x4)

.rodata         0x000000000800ca58     0x7710
 *(.rodata)
 .rodata        0x000000000800ca58      0x1b4 C:/devkitPro/libgba/lib\libgba.a(console.o)
                0x000000000800cb2c                dotab_stdout
                0x000000000800cb9c                dotab_stderr
 .rodata        0x000000000800cc0c      0x804 C:/devkitPro/libgba/lib\libgba.a(amiga.fnt.o)
                0x000000000800cc0c                amiga_fnt
                0x000000000800d40c                amiga_fnt_size
                0x000000000800d40c                amiga_fnt_end
 *all.rodata*(*)
 *(.roda)
 *(.rodata.*)
 .rodata.str1.4
                0x000000000800d410       0x1e main.o
 *fill*         0x000000000800d42e        0x2 ff
 .rodata.str1.4
                0x000000000800d430       0x2c C:/devkitPro/libgba/lib\libgba.a(console.o)
 .rodata.basefix.0
                0x000000000800d45c       0x22 c:/devkitpro/devkitarm/bin/../lib/gcc/arm-none-eabi/10.1.0/../../../../arm-none-eabi/lib/thumb\libg.a(lib_a-svfiscanf.o)
 .rodata._vfprintf_r.str1.1
                0x000000000800d47e       0x3b c:/devkitpro/devkitarm/bin/../lib/gcc/arm-none-eabi/10.1.0/../../../../arm-none-eabi/lib/thumb\libg.a(lib_a-vfprintf.o)
 *fill*         0x000000000800d4b9        0x3 ff
 .rodata.blanks.1
                0x000000000800d4bc       0x10 c:/devkitpro/devkitarm/bin/../lib/gcc/arm-none-eabi/10.1.0/../../../../arm-none-eabi/lib/thumb\libg.a(lib_a-vfprintf.o)
 .rodata.zeroes.0
                0x000000000800d4cc       0x10 c:/devkitpro/devkitarm/bin/../lib/gcc/arm-none-eabi/10.1.0/../../../../arm-none-eabi/lib/thumb\libg.a(lib_a-vfprintf.o)
 .rodata._ctype_
                0x000000000800d4dc      0x101 c:/devkitpro/devkitarm/bin/../lib/gcc/arm-none-eabi/10.1.0/../../../../arm-none-eabi/lib/thumb\libg.a(lib_a-ctype_.o)
                0x000000000800d4dc                _ctype_
 *fill*         0x000000000800d5dd        0x3 ff
 .rodata._dtoa_r.str1.4
                0x000000000800d5e0       0x64 c:/devkitpro/devkitarm/bin/../lib/gcc/arm-none-eabi/10.1.0/../../../../arm-none-eabi/lib/thumb\libg.a(lib_a-dtoa.o)
 .rodata.str1.4
                0x000000000800d644       0x48 c:/devkitpro/devkitarm/bin/../lib/gcc/arm-none-eabi/10.1.0/../../../../arm-none-eabi/lib/thumb\libg.a(lib_a-locale.o)
                                         0x4c (size before relaxing)
 .rodata._mbrtowc_r.str1.4
                0x000000000800d68c        0x1 c:/devkitpro/devkitarm/bin/../lib/gcc/arm-none-eabi/10.1.0/../../../../arm-none-eabi/lib/thumb\libg.a(lib_a-mbrtowc.o)
 .rodata.__multadd.str1.4
                0x000000000800d68c       0x3d c:/devkitpro/devkitarm/bin/../lib/gcc/arm-none-eabi/10.1.0/../../../../arm-none-eabi/lib/thumb\libg.a(lib_a-mprec.o)
                                         0x51 (size before relaxing)
 *fill*         0x000000000800d6c9        0x7 ff
 .rodata.__mprec_bigtens
                0x000000000800d6d0       0x28 c:/devkitpro/devkitarm/bin/../lib/gcc/arm-none-eabi/10.1.0/../../../../arm-none-eabi/lib/thumb\libg.a(lib_a-mprec.o)
                0x000000000800d6d0                __mprec_bigtens
 .rodata.__mprec_tens
                0x000000000800d6f8       0xc8 c:/devkitpro/devkitarm/bin/../lib/gcc/arm-none-eabi/10.1.0/../../../../arm-none-eabi/lib/thumb\libg.a(lib_a-mprec.o)
                0x000000000800d6f8                __mprec_tens
 .rodata.p05.0  0x000000000800d7c0        0xc c:/devkitpro/devkitarm/bin/../lib/gcc/arm-none-eabi/10.1.0/../../../../arm-none-eabi/lib/thumb\libg.a(lib_a-mprec.o)
 .rodata.__action_table
                0x000000000800d7cc       0x6c c:/devkitpro/devkitarm/bin/../lib/gcc/arm-none-eabi/10.1.0/../../../../arm-none-eabi/lib/thumb\libg.a(lib_a-svfiprintf.o)
                0x000000000800d7cc                __action_table
 .rodata.__chclass
                0x000000000800d838      0x100 c:/devkitpro/devkitarm/bin/../lib/gcc/arm-none-eabi/10.1.0/../../../../arm-none-eabi/lib/thumb\libg.a(lib_a-svfiprintf.o)
                0x000000000800d838                __chclass
 .rodata.__state_table
                0x000000000800d938       0x6c c:/devkitpro/devkitarm/bin/../lib/gcc/arm-none-eabi/10.1.0/../../../../arm-none-eabi/lib/thumb\libg.a(lib_a-svfiprintf.o)
                0x000000000800d938                __state_table
 .rodata._vfiprintf_r.str1.1
                0x000000000800d9a4       0x29 c:/devkitpro/devkitarm/bin/../lib/gcc/arm-none-eabi/10.1.0/../../../../arm-none-eabi/lib/thumb\libg.a(lib_a-vfiprintf.o)
 .rodata.blanks.1
                0x000000000800d9a4       0x10 c:/devkitpro/devkitarm/bin/../lib/gcc/arm-none-eabi/10.1.0/../../../../arm-none-eabi/lib/thumb\libg.a(lib_a-vfiprintf.o)
 .rodata.zeroes.0
                0x000000000800d9b4       0x10 c:/devkitpro/devkitarm/bin/../lib/gcc/arm-none-eabi/10.1.0/../../../../arm-none-eabi/lib/thumb\libg.a(lib_a-vfiprintf.o)
 .rodata.__assert_func.str1.4
                0x000000000800d9c4       0x3f c:/devkitpro/devkitarm/bin/../lib/gcc/arm-none-eabi/10.1.0/../../../../arm-none-eabi/lib/thumb\libg.a(lib_a-assert.o)
                                         0x43 (size before relaxing)
 *fill*         0x000000000800da03        0x1 ff
 .rodata.__jp2uc
                0x000000000800da04       0x20 c:/devkitpro/devkitarm/bin/../lib/gcc/arm-none-eabi/10.1.0/../../../../arm-none-eabi/lib/thumb\libg.a(lib_a-jp2uc.o)
 .rodata._jp2uc_l.str1.4
                0x000000000800da24       0x12 c:/devkitpro/devkitarm/bin/../lib/gcc/arm-none-eabi/10.1.0/../../../../arm-none-eabi/lib/thumb\libg.a(lib_a-jp2uc.o)
 *fill*         0x000000000800da36        0x2 ff
 .rodata.a1     0x000000000800da38       0xbc c:/devkitpro/devkitarm/bin/../lib/gcc/arm-none-eabi/10.1.0/../../../../arm-none-eabi/lib/thumb\libg.a(lib_a-jp2uc.o)
 .rodata.a2     0x000000000800daf4       0xbc c:/devkitpro/devkitarm/bin/../lib/gcc/arm-none-eabi/10.1.0/../../../../arm-none-eabi/lib/thumb\libg.a(lib_a-jp2uc.o)
 .rodata.a3     0x000000000800dbb0       0x5b c:/devkitpro/devkitarm/bin/../lib/gcc/arm-none-eabi/10.1.0/../../../../arm-none-eabi/lib/thumb\libg.a(lib_a-jp2uc.o)
 *fill*         0x000000000800dc0b        0x1 ff
 .rodata.a6     0x000000000800dc0c       0x70 c:/devkitpro/devkitarm/bin/../lib/gcc/arm-none-eabi/10.1.0/../../../../arm-none-eabi/lib/thumb\libg.a(lib_a-jp2uc.o)
 .rodata.a7     0x000000000800dc7c       0xa2 c:/devkitpro/devkitarm/bin/../lib/gcc/arm-none-eabi/10.1.0/../../../../arm-none-eabi/lib/thumb\libg.a(lib_a-jp2uc.o)
 *fill*         0x000000000800dd1e        0x2 ff
 .rodata.a8     0x000000000800dd20       0x40 c:/devkitpro/devkitarm/bin/../lib/gcc/arm-none-eabi/10.1.0/../../../../arm-none-eabi/lib/thumb\libg.a(lib_a-jp2uc.o)
 .rodata.b02cf  0x000000000800dd60     0x172a c:/devkitpro/devkitarm/bin/../lib/gcc/arm-none-eabi/10.1.0/../../../../arm-none-eabi/lib/thumb\libg.a(lib_a-jp2uc.o)
 *fill*         0x000000000800f48a        0x2 ff
 .rodata.d02f4  0x000000000800f48c     0x1a7c c:/devkitpro/devkitarm/bin/../lib/gcc/arm-none-eabi/10.1.0/../../../../arm-none-eabi/lib/thumb\libg.a(lib_a-jp2uc.o)
 .rodata.categories
                0x0000000008010f08     0x31e6 c:/devkitpro/devkitarm/bin/../lib/gcc/arm-none-eabi/10.1.0/../../../../arm-none-eabi/lib/thumb\libg.a(lib_a-categories.o)
 *fill*         0x00000000080140ee        0x2 ff
 .rodata.AddDevice.str1.4
                0x00000000080140f0        0x8 c:/devkitpro/devkitarm/bin/../lib/gcc/arm-none-eabi/10.1.0/../../../../arm-none-eabi/lib/thumb\libsysbase.a(iosupport.o)
 .rodata.dotab_stdnull
                0x00000000080140f8       0x70 c:/devkitpro/devkitarm/bin/../lib/gcc/arm-none-eabi/10.1.0/../../../../arm-none-eabi/lib/thumb\libsysbase.a(iosupport.o)
                0x00000000080140f8                dotab_stdnull
 *(.gnu.linkonce.r*)
                0x0000000008014168                . = ALIGN (0x4)

.ARM.extab
 *(.ARM.extab* .gnu.linkonce.armextab.*)
                0x0000000008014168                __exidx_start = .

.ARM.exidx
 *(.ARM.exidx* .gnu.linkonce.armexidx.*)
                0x0000000008014168                __exidx_end = .

.ctors          0x0000000008014168        0x0
 *crtbegin.o(.ctors)
 *(EXCLUDE_FILE(*crtend.o) .ctors)
 *(SORT_BY_NAME(.ctors.*))
 *(.ctors)
                0x0000000008014168                . = ALIGN (0x4)

.dtors          0x0000000008014168        0x0
 *crtbegin.o(.dtors)
 *(EXCLUDE_FILE(*crtend.o) .dtors)
 *(SORT_BY_NAME(.dtors.*))
 *(.dtors)
                0x0000000008014168                . = ALIGN (0x4)

.eh_frame       0x0000000008014168        0x4
 *(.eh_frame)
 .eh_frame      0x0000000008014168        0x0 c:/devkitpro/devkitarm/bin/../lib/gcc/arm-none-eabi/10.1.0/thumb/crtbegin.o
 .eh_frame      0x0000000008014168        0x4 c:/devkitpro/devkitarm/bin/../lib/gcc/arm-none-eabi/10.1.0/thumb/crtend.o
                0x000000000801416c                . = ALIGN (0x4)

.rel.dyn        0x000000000801416c        0x0
 .rel.iplt      0x000000000801416c        0x0 c:/devkitpro/devkitarm/bin/../lib/gcc/arm-none-eabi/10.1.0/../../../../arm-none-eabi/lib/thumb/gba_crt0.o

.gcc_except_table
                0x000000000801416c        0x0
 *(.gcc_except_table)
                0x000000000801416c                . = ALIGN (0x4)
                0x000000000801416c                __iwram_lma = .

.iwram          0x0000000003000000        0x0 load address 0x000000000801416c
                0x0000000003000000                __iwram_start__ = ABSOLUTE (.)
 *(.iwram .iwram*)
 *iwram.*(.text* .data*)
                0x0000000003000000                . = ALIGN (0x4)
                0x0000000003000000                __iwram_end__ = ABSOLUTE (.)
                0x000000000801416c                __data_lma = (__iwram_lma + SIZEOF (.iwram))

.bss            0x0000000003000000       0xc0
                0x0000000003000000                __bss_start = ABSOLUTE (.)
                0x0000000003000000                __bss_start__ = ABSOLUTE (.)
 *(.dynbss)
 *(.gnu.linkonce.b*)
 *(.bss*)
 .bss.completed.1
                0x0000000003000000        0x1 c:/devkitpro/devkitarm/bin/../lib/gcc/arm-none-eabi/10.1.0/thumb/crtbegin.o
 *fill*         0x0000000003000001        0x3 
 .bss.object.0  0x0000000003000004       0x18 c:/devkitpro/devkitarm/bin/../lib/gcc/arm-none-eabi/10.1.0/thumb/crtbegin.o
 .bss           0x000000000300001c       0x1c C:/devkitPro/libgba/lib\libgba.a(console.o)
 .bss.__malloc_current_mallinfo
                0x0000000003000038       0x28 c:/devkitpro/devkitarm/bin/../lib/gcc/arm-none-eabi/10.1.0/../../../../arm-none-eabi/lib/thumb\libg.a(lib_a-mallocr.o)
                0x0000000003000038                __malloc_current_mallinfo
 .bss.__malloc_max_sbrked_mem
                0x0000000003000060        0x4 c:/devkitpro/devkitarm/bin/../lib/gcc/arm-none-eabi/10.1.0/../../../../arm-none-eabi/lib/thumb\libg.a(lib_a-mallocr.o)
                0x0000000003000060                __malloc_max_sbrked_mem
 .bss.__malloc_max_total_mem
                0x0000000003000064        0x4 c:/devkitpro/devkitarm/bin/../lib/gcc/arm-none-eabi/10.1.0/../../../../arm-none-eabi/lib/thumb\libg.a(lib_a-mallocr.o)
                0x0000000003000064                __malloc_max_total_mem
 .bss.__malloc_top_pad
                0x0000000003000068        0x4 c:/devkitpro/devkitarm/bin/../lib/gcc/arm-none-eabi/10.1.0/../../../../arm-none-eabi/lib/thumb\libg.a(lib_a-mallocr.o)
                0x0000000003000068                __malloc_top_pad
 .bss.heap_start.0
                0x000000000300006c        0x4 c:/devkitpro/devkitarm/bin/../lib/gcc/arm-none-eabi/10.1.0/../../../../arm-none-eabi/lib/thumb\libsysbase.a(sbrk.o)
 .bss.fake_heap_end
                0x0000000003000070        0x4 c:/devkitpro/devkitarm/bin/../lib/gcc/arm-none-eabi/10.1.0/../../../../arm-none-eabi/lib/thumb\libsysbase.a(malloc_vars.o)
                0x0000000003000070                fake_heap_end
 .bss.fake_heap_start
                0x0000000003000074        0x4 c:/devkitpro/devkitarm/bin/../lib/gcc/arm-none-eabi/10.1.0/../../../../arm-none-eabi/lib/thumb\libsysbase.a(malloc_vars.o)
                0x0000000003000074                fake_heap_start
 .bss.__syscalls
                0x0000000003000078       0x48 c:/devkitpro/devkitarm/bin/../lib/gcc/arm-none-eabi/10.1.0/../../../../arm-none-eabi/lib/thumb\libsysbase.a(syscall_support.o)
                0x0000000003000078                __syscalls
 *(COMMON)
                0x00000000030000c0                . = ALIGN (0x4)
                0x00000000030000c0                __bss_end__ = ABSOLUTE (.)

.data           0x00000000030000c0     0x1ad4 load address 0x000000000801416c
                0x00000000030000c0                __data_start__ = ABSOLUTE (.)
 *(.data*)
 .data          0x00000000030000c0       0x1c main.o
                0x00000000030000c0                ime
                0x00000000030000c4                disp_stat
                0x00000000030000c8                interrupt_flag
                0x00000000030000cc                vcount
                0x00000000030000d0                tm0cnt_h
                0x00000000030000d4                tm0cnt_l
                0x00000000030000d8                lyc
 .data.__sfp_recursive_mutex
                0x00000000030000dc        0xc c:/devkitpro/devkitarm/bin/../lib/gcc/arm-none-eabi/10.1.0/../../../../arm-none-eabi/lib/thumb\libg.a(lib_a-findfp.o)
 .data.__sinit_recursive_mutex
                0x00000000030000e8        0xc c:/devkitpro/devkitarm/bin/../lib/gcc/arm-none-eabi/10.1.0/../../../../arm-none-eabi/lib/thumb\libg.a(lib_a-findfp.o)
 .data._impure_ptr
                0x00000000030000f4        0x4 c:/devkitpro/devkitarm/bin/../lib/gcc/arm-none-eabi/10.1.0/../../../../arm-none-eabi/lib/thumb\libg.a(lib_a-impure.o)
                0x00000000030000f4                _impure_ptr
 .data.impure_data
                0x00000000030000f8      0x460 c:/devkitpro/devkitarm/bin/../lib/gcc/arm-none-eabi/10.1.0/../../../../arm-none-eabi/lib/thumb\libg.a(lib_a-impure.o)
 .data.__global_locale
                0x0000000003000558      0x16c c:/devkitpro/devkitarm/bin/../lib/gcc/arm-none-eabi/10.1.0/../../../../arm-none-eabi/lib/thumb\libg.a(lib_a-locale.o)
                0x0000000003000558                __global_locale
 .data.__malloc_av_
                0x00000000030006c4      0x408 c:/devkitpro/devkitarm/bin/../lib/gcc/arm-none-eabi/10.1.0/../../../../arm-none-eabi/lib/thumb\libg.a(lib_a-mallocr.o)
                0x00000000030006c4                __malloc_av_
 .data.__malloc_sbrk_base
                0x0000000003000acc        0x4 c:/devkitpro/devkitarm/bin/../lib/gcc/arm-none-eabi/10.1.0/../../../../arm-none-eabi/lib/thumb\libg.a(lib_a-mallocr.o)
                0x0000000003000acc                __malloc_sbrk_base
 .data.__malloc_trim_threshold
                0x0000000003000ad0        0x4 c:/devkitpro/devkitarm/bin/../lib/gcc/arm-none-eabi/10.1.0/../../../../arm-none-eabi/lib/thumb\libg.a(lib_a-mallocr.o)
                0x0000000003000ad0                __malloc_trim_threshold
 .data.__malloc_recursive_mutex
                0x0000000003000ad4        0xc c:/devkitpro/devkitarm/bin/../lib/gcc/arm-none-eabi/10.1.0/../../../../arm-none-eabi/lib/thumb\libg.a(lib_a-mlock.o)
 .data.devoptab_list
                0x0000000003000ae0       0x8c c:/devkitpro/devkitarm/bin/../lib/gcc/arm-none-eabi/10.1.0/../../../../arm-none-eabi/lib/thumb\libsysbase.a(iosupport.o)
                0x0000000003000ae0                devoptab_list
 .data.__hndl_lock
                0x0000000003000b6c        0x4 c:/devkitpro/devkitarm/bin/../lib/gcc/arm-none-eabi/10.1.0/../../../../arm-none-eabi/lib/thumb\libsysbase.a(handle_manager.o)
 .data.__stderr_handle
                0x0000000003000b70        0xc c:/devkitpro/devkitarm/bin/../lib/gcc/arm-none-eabi/10.1.0/../../../../arm-none-eabi/lib/thumb\libsysbase.a(handle_manager.o)
 .data.__stdin_handle
                0x0000000003000b7c        0xc c:/devkitpro/devkitarm/bin/../lib/gcc/arm-none-eabi/10.1.0/../../../../arm-none-eabi/lib/thumb\libsysbase.a(handle_manager.o)
 .data.__stdout_handle
                0x0000000003000b88        0xc c:/devkitpro/devkitarm/bin/../lib/gcc/arm-none-eabi/10.1.0/../../../../arm-none-eabi/lib/thumb\libsysbase.a(handle_manager.o)
 .data.handles  0x0000000003000b94     0x1000 c:/devkitpro/devkitarm/bin/../lib/gcc/arm-none-eabi/10.1.0/../../../../arm-none-eabi/lib/thumb\libsysbase.a(handle_manager.o)
 *(.gnu.linkonce.d*)
                0x0000000003001b94                . = ALIGN (0x4)
                0x0000000008015c40                __preinit_lma = (__data_lma + SIZEOF (.data))

.igot.plt       0x0000000003001b94        0x0 load address 0x0000000008015c40
 .igot.plt      0x0000000003001b94        0x0 c:/devkitpro/devkitarm/bin/../lib/gcc/arm-none-eabi/10.1.0/../../../../arm-none-eabi/lib/thumb/gba_crt0.o

.tm_clone_table
                0x0000000003001b94        0x0 load address 0x0000000008015c40
 .tm_clone_table
                0x0000000003001b94        0x0 c:/devkitpro/devkitarm/bin/../lib/gcc/arm-none-eabi/10.1.0/thumb/crtbegin.o
 .tm_clone_table
                0x0000000003001b94        0x0 c:/devkitpro/devkitarm/bin/../lib/gcc/arm-none-eabi/10.1.0/thumb/crtend.o

.preinit_array  0x0000000003001b94        0x0 load address 0x0000000008015c40
                0x0000000003001b94                __preinit_array_start = ABSOLUTE (.)
 *(.preinit_array)
                0x0000000003001b94                __preinit_array_end = ABSOLUTE (.)
                0x0000000008015c40                __init_lma = (__preinit_lma + SIZEOF (.preinit_array))

.init_array     0x0000000003001b94        0x4 load address 0x0000000008015c40
                0x0000000003001b94                __init_array_start = ABSOLUTE (.)
 *(SORT_BY_NAME(.init_array.*))
 *(.init_array)
 .init_array    0x0000000003001b94        0x4 c:/devkitpro/devkitarm/bin/../lib/gcc/arm-none-eabi/10.1.0/thumb/crtbegin.o
                0x0000000003001b98                __init_array_end = ABSOLUTE (.)
                0x0000000008015c44                __fini_lma = (__init_lma + SIZEOF (.init_array))

.fini_array     0x0000000003001b98        0x4 load address 0x0000000008015c44
                0x0000000003001b98                __fini_array_start = ABSOLUTE (.)
 *(SORT_BY_NAME(.fini_array.*))
 *(.fini_array)
 .fini_array    0x0000000003001b98        0x4 c:/devkitpro/devkitarm/bin/../lib/gcc/arm-none-eabi/10.1.0/thumb/crtbegin.o
                0x0000000003001b9c                __fini_array_end = ABSOLUTE (.)
                0x0000000008015c48                __jcr_lma = (__fini_lma + SIZEOF (.fini_array))

.jcr            0x0000000003001b9c        0x0 load address 0x0000000008015c48
 *(.jcr)
                0x0000000003001b9c                __data_end__ = ABSOLUTE (.)
                0x0000000008015c48                __iwram_overlay_lma = (__jcr_lma + SIZEOF (.jcr))
                0x0000000003001b9c                __iwram_overlay_start = .

.iwram0         0x0000000003001b9c        0x0 load address 0x0000000008015c48
 *(.iwram0)
                0x0000000003001b9c                . = ALIGN (0x4)
                0x0000000008015c48                PROVIDE (__load_start_iwram0 = LOADADDR (.iwram0))
                0x0000000008015c48                PROVIDE (__load_stop_iwram0 = (LOADADDR (.iwram0) + SIZEOF (.iwram0)))

.iwram1         0x0000000003001b9c        0x0
 *(.iwram1)
                0x0000000003001b9c                . = ALIGN (0x4)
                [!provide]                        PROVIDE (__load_start_iwram1 = LOADADDR (.iwram1))
                [!provide]                        PROVIDE (__load_stop_iwram1 = (LOADADDR (.iwram1) + SIZEOF (.iwram1)))

.iwram2         0x0000000003001b9c        0x0
 *(.iwram2)
                0x0000000003001b9c                . = ALIGN (0x4)
                [!provide]                        PROVIDE (__load_start_iwram2 = LOADADDR (.iwram2))
                [!provide]                        PROVIDE (__load_stop_iwram2 = (LOADADDR (.iwram2) + SIZEOF (.iwram2)))

.iwram3         0x0000000003001b9c        0x0
 *(.iwram3)
                0x0000000003001b9c                . = ALIGN (0x4)
                [!provide]                        PROVIDE (__load_start_iwram3 = LOADADDR (.iwram3))
                [!provide]                        PROVIDE (__load_stop_iwram3 = (LOADADDR (.iwram3) + SIZEOF (.iwram3)))

.iwram4         0x0000000003001b9c        0x0
 *(.iwram4)
                0x0000000003001b9c                . = ALIGN (0x4)
                [!provide]                        PROVIDE (__load_start_iwram4 = LOADADDR (.iwram4))
                [!provide]                        PROVIDE (__load_stop_iwram4 = (LOADADDR (.iwram4) + SIZEOF (.iwram4)))

.iwram5         0x0000000003001b9c        0x0
 *(.iwram5)
                0x0000000003001b9c                . = ALIGN (0x4)
                [!provide]                        PROVIDE (__load_start_iwram5 = LOADADDR (.iwram5))
                [!provide]                        PROVIDE (__load_stop_iwram5 = (LOADADDR (.iwram5) + SIZEOF (.iwram5)))

.iwram6         0x0000000003001b9c        0x0
 *(.iwram6)
                0x0000000003001b9c                . = ALIGN (0x4)
                [!provide]                        PROVIDE (__load_start_iwram6 = LOADADDR (.iwram6))
                [!provide]                        PROVIDE (__load_stop_iwram6 = (LOADADDR (.iwram6) + SIZEOF (.iwram6)))

.iwram7         0x0000000003001b9c        0x0
 *(.iwram7)
                0x0000000003001b9c                . = ALIGN (0x4)
                [!provide]                        PROVIDE (__load_start_iwram7 = LOADADDR (.iwram7))
                [!provide]                        PROVIDE (__load_stop_iwram7 = (LOADADDR (.iwram7) + SIZEOF (.iwram7)))

.iwram8         0x0000000003001b9c        0x0
 *(.iwram8)
                0x0000000003001b9c                . = ALIGN (0x4)
                [!provide]                        PROVIDE (__load_start_iwram8 = LOADADDR (.iwram8))
                [!provide]                        PROVIDE (__load_stop_iwram8 = (LOADADDR (.iwram8) + SIZEOF (.iwram8)))

.iwram9         0x0000000003001b9c        0x0
 *(.iwram9)
                0x0000000003001b9c                . = ALIGN (0x4)
                [!provide]                        PROVIDE (__load_start_iwram9 = LOADADDR (.iwram9))
                [!provide]                        PROVIDE (__load_stop_iwram9 = (LOADADDR (.iwram9) + SIZEOF (.iwram9)))
                0x0000000003001b9c                __iwram_overlay_end = .
                0x0000000008015c48                __ewram_lma = (__iwram_overlay_lma + (__iwram_overlay_end - __iwram_overlay_start))
                0x0000000003001b9c                __iheap_start = .
                0x0000000002000000                __ewram_start = ORIGIN (ewram)

.ewram          0x0000000002000000        0x0 load address 0x0000000008015c48
 *(.ewram*)
                0x0000000002000000                . = ALIGN (0x4)
                0x0000000002000000                __ewram_end = ABSOLUTE (.)
                0x0000000008015c48                __pad_lma = (__ewram_lma + SIZEOF (.ewram))

.sbss           0x0000000002000000        0x0
                0x0000000002000000                __sbss_start__ = ABSOLUTE (.)
 *(.sbss*)
                0x0000000002000000                . = ALIGN (0x4)
                0x0000000002000000                __sbss_end__ = ABSOLUTE (.)
                0x0000000002000000                __end__ = ABSOLUTE (.)
                0x0000000002000000                __eheap_start = ABSOLUTE (.)

.pad            0x0000000002000000        0x8 load address 0x0000000008015c48
                0x0000000002000000        0x4 LONG 0x52416b64
                0x0000000002000004        0x4 LONG 0x4d
                0x0000000002000008                . = ALIGN (0x4)
                0x0000000008015c50                __rom_end__ = (__pad_lma + SIZEOF (.pad))

.stab
 *(.stab)

.stabstr
 *(.stabstr)

.stab.excl
 *(.stab.excl)

.stab.exclstr
 *(.stab.exclstr)

.stab.index
 *(.stab.index)

.stab.indexstr
 *(.stab.indexstr)

.comment        0x0000000000000000       0x45
 *(.comment)
 .comment       0x0000000000000000       0x23 c:/devkitpro/devkitarm/bin/../lib/gcc/arm-none-eabi/10.1.0/thumb/crtbegin.o
                                         0x24 (size before relaxing)
 .comment       0x0000000000000023       0x24 main.o
 .comment       0x0000000000000023       0x22 C:/devkitPro/libgba/lib\libgba.a(console.o)
                                         0x23 (size before relaxing)
 .comment       0x0000000000000045       0x23 C:/devkitPro/libgba/lib\libgba.a(CpuSet.o)
 .comment       0x0000000000000045       0x24 c:/devkitpro/devkitarm/bin/../lib/gcc/arm-none-eabi/10.1.0/../../../../arm-none-eabi/lib/thumb\libg.a(lib_a-init.o)
 .comment       0x0000000000000045       0x24 c:/devkitpro/devkitarm/bin/../lib/gcc/arm-none-eabi/10.1.0/../../../../arm-none-eabi/lib/thumb\libg.a(lib_a-printf.o)
 .comment       0x0000000000000045       0x24 c:/devkitpro/devkitarm/bin/../lib/gcc/arm-none-eabi/10.1.0/../../../../arm-none-eabi/lib/thumb\libg.a(lib_a-setvbuf.o)
 .comment       0x0000000000000045       0x24 c:/devkitpro/devkitarm/bin/../lib/gcc/arm-none-eabi/10.1.0/../../../../arm-none-eabi/lib/thumb\libg.a(lib_a-siscanf.o)
 .comment       0x0000000000000045       0x24 c:/devkitpro/devkitarm/bin/../lib/gcc/arm-none-eabi/10.1.0/../../../../arm-none-eabi/lib/thumb\libg.a(lib_a-stdio.o)
 .comment       0x0000000000000045       0x24 c:/devkitpro/devkitarm/bin/../lib/gcc/arm-none-eabi/10.1.0/../../../../arm-none-eabi/lib/thumb\libg.a(lib_a-strlen-stub.o)
 .comment       0x0000000000000045       0x24 c:/devkitpro/devkitarm/bin/../lib/gcc/arm-none-eabi/10.1.0/../../../../arm-none-eabi/lib/thumb\libg.a(lib_a-svfiscanf.o)
 .comment       0x0000000000000045       0x24 c:/devkitpro/devkitarm/bin/../lib/gcc/arm-none-eabi/10.1.0/../../../../arm-none-eabi/lib/thumb\libg.a(lib_a-ungetc.o)
 .comment       0x0000000000000045       0x24 c:/devkitpro/devkitarm/bin/../lib/gcc/arm-none-eabi/10.1.0/../../../../arm-none-eabi/lib/thumb\libg.a(lib_a-vfprintf.o)
 .comment       0x0000000000000045       0x24 c:/devkitpro/devkitarm/bin/../lib/gcc/arm-none-eabi/10.1.0/../../../../arm-none-eabi/lib/thumb\libg.a(lib_a-wcrtomb.o)
 .comment       0x0000000000000045       0x24 c:/devkitpro/devkitarm/bin/../lib/gcc/arm-none-eabi/10.1.0/../../../../arm-none-eabi/lib/thumb\libg.a(lib_a-wcsrtombs.o)
 .comment       0x0000000000000045       0x24 c:/devkitpro/devkitarm/bin/../lib/gcc/arm-none-eabi/10.1.0/../../../../arm-none-eabi/lib/thumb\libg.a(lib_a-wsetup.o)
 .comment       0x0000000000000045       0x24 c:/devkitpro/devkitarm/bin/../lib/gcc/arm-none-eabi/10.1.0/../../../../arm-none-eabi/lib/thumb\libg.a(lib_a-ctype_.o)
 .comment       0x0000000000000045       0x24 c:/devkitpro/devkitarm/bin/../lib/gcc/arm-none-eabi/10.1.0/../../../../arm-none-eabi/lib/thumb\libg.a(lib_a-dtoa.o)
 .comment       0x0000000000000045       0x24 c:/devkitpro/devkitarm/bin/../lib/gcc/arm-none-eabi/10.1.0/../../../../arm-none-eabi/lib/thumb\libg.a(lib_a-fflush.o)
 .comment       0x0000000000000045       0x24 c:/devkitpro/devkitarm/bin/../lib/gcc/arm-none-eabi/10.1.0/../../../../arm-none-eabi/lib/thumb\libg.a(lib_a-findfp.o)
 .comment       0x0000000000000045       0x24 c:/devkitpro/devkitarm/bin/../lib/gcc/arm-none-eabi/10.1.0/../../../../arm-none-eabi/lib/thumb\libg.a(lib_a-freer.o)
 .comment       0x0000000000000045       0x24 c:/devkitpro/devkitarm/bin/../lib/gcc/arm-none-eabi/10.1.0/../../../../arm-none-eabi/lib/thumb\libg.a(lib_a-fwalk.o)
 .comment       0x0000000000000045       0x24 c:/devkitpro/devkitarm/bin/../lib/gcc/arm-none-eabi/10.1.0/../../../../arm-none-eabi/lib/thumb\libg.a(lib_a-impure.o)
 .comment       0x0000000000000045       0x24 c:/devkitpro/devkitarm/bin/../lib/gcc/arm-none-eabi/10.1.0/../../../../arm-none-eabi/lib/thumb\libg.a(lib_a-iswspace.o)
 .comment       0x0000000000000045       0x24 c:/devkitpro/devkitarm/bin/../lib/gcc/arm-none-eabi/10.1.0/../../../../arm-none-eabi/lib/thumb\libg.a(lib_a-localeconv.o)
 .comment       0x0000000000000045       0x24 c:/devkitpro/devkitarm/bin/../lib/gcc/arm-none-eabi/10.1.0/../../../../arm-none-eabi/lib/thumb\libg.a(lib_a-locale.o)
 .comment       0x0000000000000045       0x24 c:/devkitpro/devkitarm/bin/../lib/gcc/arm-none-eabi/10.1.0/../../../../arm-none-eabi/lib/thumb\libg.a(lib_a-makebuf.o)
 .comment       0x0000000000000045       0x24 c:/devkitpro/devkitarm/bin/../lib/gcc/arm-none-eabi/10.1.0/../../../../arm-none-eabi/lib/thumb\libg.a(lib_a-malloc.o)
 .comment       0x0000000000000045       0x24 c:/devkitpro/devkitarm/bin/../lib/gcc/arm-none-eabi/10.1.0/../../../../arm-none-eabi/lib/thumb\libg.a(lib_a-mallocr.o)
 .comment       0x0000000000000045       0x24 c:/devkitpro/devkitarm/bin/../lib/gcc/arm-none-eabi/10.1.0/../../../../arm-none-eabi/lib/thumb\libg.a(lib_a-mbrtowc.o)
 .comment       0x0000000000000045       0x24 c:/devkitpro/devkitarm/bin/../lib/gcc/arm-none-eabi/10.1.0/../../../../arm-none-eabi/lib/thumb\libg.a(lib_a-mbtowc_r.o)
 .comment       0x0000000000000045       0x24 c:/devkitpro/devkitarm/bin/../lib/gcc/arm-none-eabi/10.1.0/../../../../arm-none-eabi/lib/thumb\libg.a(lib_a-memchr-stub.o)
 .comment       0x0000000000000045       0x24 c:/devkitpro/devkitarm/bin/../lib/gcc/arm-none-eabi/10.1.0/../../../../arm-none-eabi/lib/thumb\libg.a(lib_a-memcpy-stub.o)
 .comment       0x0000000000000045       0x24 c:/devkitpro/devkitarm/bin/../lib/gcc/arm-none-eabi/10.1.0/../../../../arm-none-eabi/lib/thumb\libg.a(lib_a-memset.o)
 .comment       0x0000000000000045       0x24 c:/devkitpro/devkitarm/bin/../lib/gcc/arm-none-eabi/10.1.0/../../../../arm-none-eabi/lib/thumb\libg.a(lib_a-mlock.o)
 .comment       0x0000000000000045       0x24 c:/devkitpro/devkitarm/bin/../lib/gcc/arm-none-eabi/10.1.0/../../../../arm-none-eabi/lib/thumb\libg.a(lib_a-mprec.o)
 .comment       0x0000000000000045       0x24 c:/devkitpro/devkitarm/bin/../lib/gcc/arm-none-eabi/10.1.0/../../../../arm-none-eabi/lib/thumb\libg.a(lib_a-realloc.o)
 .comment       0x0000000000000045       0x24 c:/devkitpro/devkitarm/bin/../lib/gcc/arm-none-eabi/10.1.0/../../../../arm-none-eabi/lib/thumb\libg.a(lib_a-reallocr.o)
 .comment       0x0000000000000045       0x24 c:/devkitpro/devkitarm/bin/../lib/gcc/arm-none-eabi/10.1.0/../../../../arm-none-eabi/lib/thumb\libg.a(lib_a-sccl.o)
 .comment       0x0000000000000045       0x24 c:/devkitpro/devkitarm/bin/../lib/gcc/arm-none-eabi/10.1.0/../../../../arm-none-eabi/lib/thumb\libg.a(lib_a-s_frexp.o)
 .comment       0x0000000000000045       0x24 c:/devkitpro/devkitarm/bin/../lib/gcc/arm-none-eabi/10.1.0/../../../../arm-none-eabi/lib/thumb\libg.a(lib_a-strncpy.o)
 .comment       0x0000000000000045       0x24 c:/devkitpro/devkitarm/bin/../lib/gcc/arm-none-eabi/10.1.0/../../../../arm-none-eabi/lib/thumb\libg.a(lib_a-strtoll.o)
 .comment       0x0000000000000045       0x24 c:/devkitpro/devkitarm/bin/../lib/gcc/arm-none-eabi/10.1.0/../../../../arm-none-eabi/lib/thumb\libg.a(lib_a-strtol.o)
 .comment       0x0000000000000045       0x24 c:/devkitpro/devkitarm/bin/../lib/gcc/arm-none-eabi/10.1.0/../../../../arm-none-eabi/lib/thumb\libg.a(lib_a-strtoull.o)
 .comment       0x0000000000000045       0x24 c:/devkitpro/devkitarm/bin/../lib/gcc/arm-none-eabi/10.1.0/../../../../arm-none-eabi/lib/thumb\libg.a(lib_a-strtoul.o)
 .comment       0x0000000000000045       0x24 c:/devkitpro/devkitarm/bin/../lib/gcc/arm-none-eabi/10.1.0/../../../../arm-none-eabi/lib/thumb\libg.a(lib_a-svfiprintf.o)
 .comment       0x0000000000000045       0x24 c:/devkitpro/devkitarm/bin/../lib/gcc/arm-none-eabi/10.1.0/../../../../arm-none-eabi/lib/thumb\libg.a(lib_a-vfiprintf.o)
 .comment       0x0000000000000045       0x24 c:/devkitpro/devkitarm/bin/../lib/gcc/arm-none-eabi/10.1.0/../../../../arm-none-eabi/lib/thumb\libg.a(lib_a-wcsnrtombs.o)
 .comment       0x0000000000000045       0x24 c:/devkitpro/devkitarm/bin/../lib/gcc/arm-none-eabi/10.1.0/../../../../arm-none-eabi/lib/thumb\libg.a(lib_a-wctomb_r.o)
 .comment       0x0000000000000045       0x24 c:/devkitpro/devkitarm/bin/../lib/gcc/arm-none-eabi/10.1.0/../../../../arm-none-eabi/lib/thumb\libg.a(lib_a-assert.o)
 .comment       0x0000000000000045       0x24 c:/devkitpro/devkitarm/bin/../lib/gcc/arm-none-eabi/10.1.0/../../../../arm-none-eabi/lib/thumb\libg.a(lib_a-callocr.o)
 .comment       0x0000000000000045       0x24 c:/devkitpro/devkitarm/bin/../lib/gcc/arm-none-eabi/10.1.0/../../../../arm-none-eabi/lib/thumb\libg.a(lib_a-errno.o)
 .comment       0x0000000000000045       0x24 c:/devkitpro/devkitarm/bin/../lib/gcc/arm-none-eabi/10.1.0/../../../../arm-none-eabi/lib/thumb\libg.a(lib_a-fclose.o)
 .comment       0x0000000000000045       0x24 c:/devkitpro/devkitarm/bin/../lib/gcc/arm-none-eabi/10.1.0/../../../../arm-none-eabi/lib/thumb\libg.a(lib_a-fiprintf.o)
 .comment       0x0000000000000045       0x24 c:/devkitpro/devkitarm/bin/../lib/gcc/arm-none-eabi/10.1.0/../../../../arm-none-eabi/lib/thumb\libg.a(lib_a-fvwrite.o)
 .comment       0x0000000000000045       0x24 c:/devkitpro/devkitarm/bin/../lib/gcc/arm-none-eabi/10.1.0/../../../../arm-none-eabi/lib/thumb\libg.a(lib_a-iswspace_l.o)
 .comment       0x0000000000000045       0x24 c:/devkitpro/devkitarm/bin/../lib/gcc/arm-none-eabi/10.1.0/../../../../arm-none-eabi/lib/thumb\libg.a(lib_a-jp2uc.o)
 .comment       0x0000000000000045       0x24 c:/devkitpro/devkitarm/bin/../lib/gcc/arm-none-eabi/10.1.0/../../../../arm-none-eabi/lib/thumb\libg.a(lib_a-memmove.o)
 .comment       0x0000000000000045       0x24 c:/devkitpro/devkitarm/bin/../lib/gcc/arm-none-eabi/10.1.0/../../../../arm-none-eabi/lib/thumb\libg.a(lib_a-abort.o)
 .comment       0x0000000000000045       0x24 c:/devkitpro/devkitarm/bin/../lib/gcc/arm-none-eabi/10.1.0/../../../../arm-none-eabi/lib/thumb\libg.a(lib_a-categories.o)
 .comment       0x0000000000000045       0x24 c:/devkitpro/devkitarm/bin/../lib/gcc/arm-none-eabi/10.1.0/../../../../arm-none-eabi/lib/thumb\libg.a(lib_a-signal.o)
 .comment       0x0000000000000045       0x24 c:/devkitpro/devkitarm/bin/../lib/gcc/arm-none-eabi/10.1.0/../../../../arm-none-eabi/lib/thumb\libsysbase.a(iosupport.o)
 .comment       0x0000000000000045       0x24 c:/devkitpro/devkitarm/bin/../lib/gcc/arm-none-eabi/10.1.0/../../../../arm-none-eabi/lib/thumb\libsysbase.a(fstat.o)
 .comment       0x0000000000000045       0x24 c:/devkitpro/devkitarm/bin/../lib/gcc/arm-none-eabi/10.1.0/../../../../arm-none-eabi/lib/thumb\libsysbase.a(getpid.o)
 .comment       0x0000000000000045       0x24 c:/devkitpro/devkitarm/bin/../lib/gcc/arm-none-eabi/10.1.0/../../../../arm-none-eabi/lib/thumb\libsysbase.a(isatty.o)
 .comment       0x0000000000000045       0x24 c:/devkitpro/devkitarm/bin/../lib/gcc/arm-none-eabi/10.1.0/../../../../arm-none-eabi/lib/thumb\libsysbase.a(kill.o)
 .comment       0x0000000000000045       0x24 c:/devkitpro/devkitarm/bin/../lib/gcc/arm-none-eabi/10.1.0/../../../../arm-none-eabi/lib/thumb\libsysbase.a(lseek.o)
 .comment       0x0000000000000045       0x24 c:/devkitpro/devkitarm/bin/../lib/gcc/arm-none-eabi/10.1.0/../../../../arm-none-eabi/lib/thumb\libsysbase.a(read.o)
 .comment       0x0000000000000045       0x24 c:/devkitpro/devkitarm/bin/../lib/gcc/arm-none-eabi/10.1.0/../../../../arm-none-eabi/lib/thumb\libsysbase.a(sbrk.o)
 .comment       0x0000000000000045       0x24 c:/devkitpro/devkitarm/bin/../lib/gcc/arm-none-eabi/10.1.0/../../../../arm-none-eabi/lib/thumb\libsysbase.a(write.o)
 .comment       0x0000000000000045       0x24 c:/devkitpro/devkitarm/bin/../lib/gcc/arm-none-eabi/10.1.0/../../../../arm-none-eabi/lib/thumb\libsysbase.a(_exit.o)
 .comment       0x0000000000000045       0x24 c:/devkitpro/devkitarm/bin/../lib/gcc/arm-none-eabi/10.1.0/../../../../arm-none-eabi/lib/thumb\libsysbase.a(malloc_vars.o)
 .comment       0x0000000000000045       0x24 c:/devkitpro/devkitarm/bin/../lib/gcc/arm-none-eabi/10.1.0/../../../../arm-none-eabi/lib/thumb\libsysbase.a(flock.o)
 .comment       0x0000000000000045       0x24 c:/devkitpro/devkitarm/bin/../lib/gcc/arm-none-eabi/10.1.0/../../../../arm-none-eabi/lib/thumb\libsysbase.a(syscall_support.o)
 .comment       0x0000000000000045       0x24 c:/devkitpro/devkitarm/bin/../lib/gcc/arm-none-eabi/10.1.0/../../../../arm-none-eabi/lib/thumb\libsysbase.a(handle_manager.o)
 .comment       0x0000000000000045       0x24 c:/devkitpro/devkitarm/bin/../lib/gcc/arm-none-eabi/10.1.0/../../../../arm-none-eabi/lib/thumb\libsysbase.a(getreent.o)
 .comment       0x0000000000000045       0x24 c:/devkitpro/devkitarm/bin/../lib/gcc/arm-none-eabi/10.1.0/thumb\libgcc.a(_muldi3.o)
 .comment       0x0000000000000045       0x24 c:/devkitpro/devkitarm/bin/../lib/gcc/arm-none-eabi/10.1.0/thumb\libgcc.a(_udivmoddi4.o)
 .comment       0x0000000000000045       0x24 c:/devkitpro/devkitarm/bin/../lib/gcc/arm-none-eabi/10.1.0/thumb/crtend.o

.debug
 *(.debug)

.line
 *(.line)

.debug_srcinfo
 *(.debug_srcinfo)

.debug_sfnames
 *(.debug_sfnames)

.debug_aranges  0x0000000000000000       0x60
 *(.debug_aranges)
 .debug_aranges
                0x0000000000000000       0x20 main.o
 .debug_aranges
                0x0000000000000020       0x20 C:/devkitPro/libgba/lib\libgba.a(console.o)
 .debug_aranges
                0x0000000000000040       0x20 C:/devkitPro/libgba/lib\libgba.a(CpuSet.o)

.debug_pubnames
 *(.debug_pubnames)

.debug_info     0x0000000000000000     0x2439
 *(.debug_info)
 .debug_info    0x0000000000000000      0x201 main.o
 .debug_info    0x0000000000000201     0x20fd C:/devkitPro/libgba/lib\libgba.a(console.o)
 .debug_info    0x00000000000022fe      0x13b C:/devkitPro/libgba/lib\libgba.a(CpuSet.o)

.debug_abbrev   0x0000000000000000      0x697
 *(.debug_abbrev)
 .debug_abbrev  0x0000000000000000      0x105 main.o
 .debug_abbrev  0x0000000000000105      0x4eb C:/devkitPro/libgba/lib\libgba.a(console.o)
 .debug_abbrev  0x00000000000005f0       0xa7 C:/devkitPro/libgba/lib\libgba.a(CpuSet.o)

.debug_line     0x0000000000000000      0xeaa
 *(.debug_line)
 .debug_line    0x0000000000000000      0x2d4 main.o
 .debug_line    0x00000000000002d4      0xa72 C:/devkitPro/libgba/lib\libgba.a(console.o)
 .debug_line    0x0000000000000d46      0x164 C:/devkitPro/libgba/lib\libgba.a(CpuSet.o)

.debug_frame    0x0000000000000000      0x160
 *(.debug_frame)
 .debug_frame   0x0000000000000000       0x30 main.o
 .debug_frame   0x0000000000000030      0x100 C:/devkitPro/libgba/lib\libgba.a(console.o)
 .debug_frame   0x0000000000000130       0x30 C:/devkitPro/libgba/lib\libgba.a(CpuSet.o)

.debug_str      0x0000000000000000      0xe2b
 *(.debug_str)
 .debug_str     0x0000000000000000      0x1bf main.o
                                        0x20f (size before relaxing)
 .debug_str     0x00000000000001bf      0xc12 C:/devkitPro/libgba/lib\libgba.a(console.o)
                                        0xe18 (size before relaxing)
 .debug_str     0x0000000000000dd1       0x5a C:/devkitPro/libgba/lib\libgba.a(CpuSet.o)
                                        0x18e (size before relaxing)

.debug_loc      0x0000000000000000     0x1507
 *(.debug_loc)
 .debug_loc     0x0000000000000000       0x31 main.o
 .debug_loc     0x0000000000000031     0x13f8 C:/devkitPro/libgba/lib\libgba.a(console.o)
 .debug_loc     0x0000000000001429       0xde C:/devkitPro/libgba/lib\libgba.a(CpuSet.o)

.debug_macinfo
 *(.debug_macinfo)

.debug_weaknames
 *(.debug_weaknames)

.debug_funcnames
 *(.debug_funcnames)

.debug_typenames
 *(.debug_typenames)

.debug_varnames
 *(.debug_varnames)

.stack          0x0000000000080000        0x0
                0x0000000000080000                _stack = .
 *(.stack)

.note.gnu.arm.ident
 *(.note.gnu.arm.ident)

.ARM.attributes
                0x0000000000000000       0x2c
 *(.ARM.attributes)
 .ARM.attributes
                0x0000000000000000       0x20 c:/devkitpro/devkitarm/bin/../lib/gcc/arm-none-eabi/10.1.0/../../../../arm-none-eabi/lib/thumb/gba_crt0.o
 .ARM.attributes
                0x0000000000000020       0x1c c:/devkitpro/devkitarm/bin/../lib/gcc/arm-none-eabi/10.1.0/thumb/crti.o
 .ARM.attributes
                0x000000000000003c       0x2a c:/devkitpro/devkitarm/bin/../lib/gcc/arm-none-eabi/10.1.0/thumb/crtbegin.o
 .ARM.attributes
                0x0000000000000066       0x26 main.o
 .ARM.attributes
                0x000000000000008c       0x2a C:/devkitPro/libgba/lib\libgba.a(console.o)
 .ARM.attributes
                0x00000000000000b6       0x14 C:/devkitPro/libgba/lib\libgba.a(amiga.fnt.o)
 .ARM.attributes
                0x00000000000000ca       0x2a C:/devkitPro/libgba/lib\libgba.a(CpuSet.o)
 .ARM.attributes
                0x00000000000000f4       0x2a c:/devkitpro/devkitarm/bin/../lib/gcc/arm-none-eabi/10.1.0/../../../../arm-none-eabi/lib/thumb\libg.a(lib_a-init.o)
 .ARM.attributes
                0x000000000000011e       0x2a c:/devkitpro/devkitarm/bin/../lib/gcc/arm-none-eabi/10.1.0/../../../../arm-none-eabi/lib/thumb\libg.a(lib_a-printf.o)
 .ARM.attributes
                0x0000000000000148       0x2a c:/devkitpro/devkitarm/bin/../lib/gcc/arm-none-eabi/10.1.0/../../../../arm-none-eabi/lib/thumb\libg.a(lib_a-setvbuf.o)
 .ARM.attributes
                0x0000000000000172       0x2a c:/devkitpro/devkitarm/bin/../lib/gcc/arm-none-eabi/10.1.0/../../../../arm-none-eabi/lib/thumb\libg.a(lib_a-siscanf.o)
 .ARM.attributes
                0x000000000000019c       0x2a c:/devkitpro/devkitarm/bin/../lib/gcc/arm-none-eabi/10.1.0/../../../../arm-none-eabi/lib/thumb\libg.a(lib_a-stdio.o)
 .ARM.attributes
                0x00000000000001c6       0x2a c:/devkitpro/devkitarm/bin/../lib/gcc/arm-none-eabi/10.1.0/../../../../arm-none-eabi/lib/thumb\libg.a(lib_a-strlen-stub.o)
 .ARM.attributes
                0x00000000000001f0       0x2a c:/devkitpro/devkitarm/bin/../lib/gcc/arm-none-eabi/10.1.0/../../../../arm-none-eabi/lib/thumb\libg.a(lib_a-svfiscanf.o)
 .ARM.attributes
                0x000000000000021a       0x2a c:/devkitpro/devkitarm/bin/../lib/gcc/arm-none-eabi/10.1.0/../../../../arm-none-eabi/lib/thumb\libg.a(lib_a-ungetc.o)
 .ARM.attributes
                0x0000000000000244       0x2a c:/devkitpro/devkitarm/bin/../lib/gcc/arm-none-eabi/10.1.0/../../../../arm-none-eabi/lib/thumb\libg.a(lib_a-vfprintf.o)
 .ARM.attributes
                0x000000000000026e       0x2a c:/devkitpro/devkitarm/bin/../lib/gcc/arm-none-eabi/10.1.0/../../../../arm-none-eabi/lib/thumb\libg.a(lib_a-wcrtomb.o)
 .ARM.attributes
                0x0000000000000298       0x2a c:/devkitpro/devkitarm/bin/../lib/gcc/arm-none-eabi/10.1.0/../../../../arm-none-eabi/lib/thumb\libg.a(lib_a-wcsrtombs.o)
 .ARM.attributes
                0x00000000000002c2       0x2a c:/devkitpro/devkitarm/bin/../lib/gcc/arm-none-eabi/10.1.0/../../../../arm-none-eabi/lib/thumb\libg.a(lib_a-wsetup.o)
 .ARM.attributes
                0x00000000000002ec       0x2a c:/devkitpro/devkitarm/bin/../lib/gcc/arm-none-eabi/10.1.0/../../../../arm-none-eabi/lib/thumb\libg.a(lib_a-ctype_.o)
 .ARM.attributes
                0x0000000000000316       0x2a c:/devkitpro/devkitarm/bin/../lib/gcc/arm-none-eabi/10.1.0/../../../../arm-none-eabi/lib/thumb\libg.a(lib_a-dtoa.o)
 .ARM.attributes
                0x0000000000000340       0x2a c:/devkitpro/devkitarm/bin/../lib/gcc/arm-none-eabi/10.1.0/../../../../arm-none-eabi/lib/thumb\libg.a(lib_a-fflush.o)
 .ARM.attributes
                0x000000000000036a       0x2a c:/devkitpro/devkitarm/bin/../lib/gcc/arm-none-eabi/10.1.0/../../../../arm-none-eabi/lib/thumb\libg.a(lib_a-findfp.o)
 .ARM.attributes
                0x0000000000000394       0x2a c:/devkitpro/devkitarm/bin/../lib/gcc/arm-none-eabi/10.1.0/../../../../arm-none-eabi/lib/thumb\libg.a(lib_a-freer.o)
 .ARM.attributes
                0x00000000000003be       0x2a c:/devkitpro/devkitarm/bin/../lib/gcc/arm-none-eabi/10.1.0/../../../../arm-none-eabi/lib/thumb\libg.a(lib_a-fwalk.o)
 .ARM.attributes
                0x00000000000003e8       0x30 c:/devkitpro/devkitarm/bin/../lib/gcc/arm-none-eabi/10.1.0/../../../../arm-none-eabi/lib/thumb\libg.a(lib_a-impure.o)
 .ARM.attributes
                0x0000000000000418       0x2a c:/devkitpro/devkitarm/bin/../lib/gcc/arm-none-eabi/10.1.0/../../../../arm-none-eabi/lib/thumb\libg.a(lib_a-iswspace.o)
 .ARM.attributes
                0x0000000000000442       0x2a c:/devkitpro/devkitarm/bin/../lib/gcc/arm-none-eabi/10.1.0/../../../../arm-none-eabi/lib/thumb\libg.a(lib_a-localeconv.o)
 .ARM.attributes
                0x000000000000046c       0x2a c:/devkitpro/devkitarm/bin/../lib/gcc/arm-none-eabi/10.1.0/../../../../arm-none-eabi/lib/thumb\libg.a(lib_a-locale.o)
 .ARM.attributes
                0x0000000000000496       0x2a c:/devkitpro/devkitarm/bin/../lib/gcc/arm-none-eabi/10.1.0/../../../../arm-none-eabi/lib/thumb\libg.a(lib_a-makebuf.o)
 .ARM.attributes
                0x00000000000004c0       0x2a c:/devkitpro/devkitarm/bin/../lib/gcc/arm-none-eabi/10.1.0/../../../../arm-none-eabi/lib/thumb\libg.a(lib_a-malloc.o)
 .ARM.attributes
                0x00000000000004ea       0x2a c:/devkitpro/devkitarm/bin/../lib/gcc/arm-none-eabi/10.1.0/../../../../arm-none-eabi/lib/thumb\libg.a(lib_a-mallocr.o)
 .ARM.attributes
                0x0000000000000514       0x2a c:/devkitpro/devkitarm/bin/../lib/gcc/arm-none-eabi/10.1.0/../../../../arm-none-eabi/lib/thumb\libg.a(lib_a-mbrtowc.o)
 .ARM.attributes
                0x000000000000053e       0x2a c:/devkitpro/devkitarm/bin/../lib/gcc/arm-none-eabi/10.1.0/../../../../arm-none-eabi/lib/thumb\libg.a(lib_a-mbtowc_r.o)
 .ARM.attributes
                0x0000000000000568       0x2a c:/devkitpro/devkitarm/bin/../lib/gcc/arm-none-eabi/10.1.0/../../../../arm-none-eabi/lib/thumb\libg.a(lib_a-memchr-stub.o)
 .ARM.attributes
                0x0000000000000592       0x2a c:/devkitpro/devkitarm/bin/../lib/gcc/arm-none-eabi/10.1.0/../../../../arm-none-eabi/lib/thumb\libg.a(lib_a-memcpy-stub.o)
 .ARM.attributes
                0x00000000000005bc       0x2a c:/devkitpro/devkitarm/bin/../lib/gcc/arm-none-eabi/10.1.0/../../../../arm-none-eabi/lib/thumb\libg.a(lib_a-memset.o)
 .ARM.attributes
                0x00000000000005e6       0x2a c:/devkitpro/devkitarm/bin/../lib/gcc/arm-none-eabi/10.1.0/../../../../arm-none-eabi/lib/thumb\libg.a(lib_a-mlock.o)
 .ARM.attributes
                0x0000000000000610       0x2a c:/devkitpro/devkitarm/bin/../lib/gcc/arm-none-eabi/10.1.0/../../../../arm-none-eabi/lib/thumb\libg.a(lib_a-mprec.o)
 .ARM.attributes
                0x000000000000063a       0x2a c:/devkitpro/devkitarm/bin/../lib/gcc/arm-none-eabi/10.1.0/../../../../arm-none-eabi/lib/thumb\libg.a(lib_a-realloc.o)
 .ARM.attributes
                0x0000000000000664       0x2a c:/devkitpro/devkitarm/bin/../lib/gcc/arm-none-eabi/10.1.0/../../../../arm-none-eabi/lib/thumb\libg.a(lib_a-reallocr.o)
 .ARM.attributes
                0x000000000000068e       0x2a c:/devkitpro/devkitarm/bin/../lib/gcc/arm-none-eabi/10.1.0/../../../../arm-none-eabi/lib/thumb\libg.a(lib_a-sccl.o)
 .ARM.attributes
                0x00000000000006b8       0x2a c:/devkitpro/devkitarm/bin/../lib/gcc/arm-none-eabi/10.1.0/../../../../arm-none-eabi/lib/thumb\libg.a(lib_a-s_frexp.o)
 .ARM.attributes
                0x00000000000006e2       0x2a c:/devkitpro/devkitarm/bin/../lib/gcc/arm-none-eabi/10.1.0/../../../../arm-none-eabi/lib/thumb\libg.a(lib_a-strcasecmp.o)
 .ARM.attributes
                0x000000000000070c       0x2a c:/devkitpro/devkitarm/bin/../lib/gcc/arm-none-eabi/10.1.0/../../../../arm-none-eabi/lib/thumb\libg.a(lib_a-strcat.o)
 .ARM.attributes
                0x0000000000000736       0x2a c:/devkitpro/devkitarm/bin/../lib/gcc/arm-none-eabi/10.1.0/../../../../arm-none-eabi/lib/thumb\libg.a(lib_a-strchr.o)
 .ARM.attributes
                0x0000000000000760       0x1a c:/devkitpro/devkitarm/bin/../lib/gcc/arm-none-eabi/10.1.0/../../../../arm-none-eabi/lib/thumb\libg.a(lib_a-strcmp.o)
 .ARM.attributes
                0x000000000000077a       0x2a c:/devkitpro/devkitarm/bin/../lib/gcc/arm-none-eabi/10.1.0/../../../../arm-none-eabi/lib/thumb\libg.a(lib_a-strcpy.o)
 .ARM.attributes
                0x00000000000007a4       0x2a c:/devkitpro/devkitarm/bin/../lib/gcc/arm-none-eabi/10.1.0/../../../../arm-none-eabi/lib/thumb\libg.a(lib_a-strlcpy.o)
 .ARM.attributes
                0x00000000000007ce       0x2a c:/devkitpro/devkitarm/bin/../lib/gcc/arm-none-eabi/10.1.0/../../../../arm-none-eabi/lib/thumb\libg.a(lib_a-strncasecmp.o)
 .ARM.attributes
                0x00000000000007f8       0x2a c:/devkitpro/devkitarm/bin/../lib/gcc/arm-none-eabi/10.1.0/../../../../arm-none-eabi/lib/thumb\libg.a(lib_a-strncmp.o)
 .ARM.attributes
                0x0000000000000822       0x2a c:/devkitpro/devkitarm/bin/../lib/gcc/arm-none-eabi/10.1.0/../../../../arm-none-eabi/lib/thumb\libg.a(lib_a-strncpy.o)
 .ARM.attributes
                0x000000000000084c       0x2a c:/devkitpro/devkitarm/bin/../lib/gcc/arm-none-eabi/10.1.0/../../../../arm-none-eabi/lib/thumb\libg.a(lib_a-strtoll.o)
 .ARM.attributes
                0x0000000000000876       0x2a c:/devkitpro/devkitarm/bin/../lib/gcc/arm-none-eabi/10.1.0/../../../../arm-none-eabi/lib/thumb\libg.a(lib_a-strtol.o)
 .ARM.attributes
                0x00000000000008a0       0x2a c:/devkitpro/devkitarm/bin/../lib/gcc/arm-none-eabi/10.1.0/../../../../arm-none-eabi/lib/thumb\libg.a(lib_a-strtoull.o)
 .ARM.attributes
                0x00000000000008ca       0x2a c:/devkitpro/devkitarm/bin/../lib/gcc/arm-none-eabi/10.1.0/../../../../arm-none-eabi/lib/thumb\libg.a(lib_a-strtoul.o)
 .ARM.attributes
                0x00000000000008f4       0x2a c:/devkitpro/devkitarm/bin/../lib/gcc/arm-none-eabi/10.1.0/../../../../arm-none-eabi/lib/thumb\libg.a(lib_a-svfiprintf.o)
 .ARM.attributes
                0x000000000000091e       0x2a c:/devkitpro/devkitarm/bin/../lib/gcc/arm-none-eabi/10.1.0/../../../../arm-none-eabi/lib/thumb\libg.a(lib_a-vfiprintf.o)
 .ARM.attributes
                0x0000000000000948       0x2a c:/devkitpro/devkitarm/bin/../lib/gcc/arm-none-eabi/10.1.0/../../../../arm-none-eabi/lib/thumb\libg.a(lib_a-wcsnrtombs.o)
 .ARM.attributes
                0x0000000000000972       0x2a c:/devkitpro/devkitarm/bin/../lib/gcc/arm-none-eabi/10.1.0/../../../../arm-none-eabi/lib/thumb\libg.a(lib_a-wctomb_r.o)
 .ARM.attributes
                0x000000000000099c       0x2a c:/devkitpro/devkitarm/bin/../lib/gcc/arm-none-eabi/10.1.0/../../../../arm-none-eabi/lib/thumb\libg.a(lib_a-assert.o)
 .ARM.attributes
                0x00000000000009c6       0x2a c:/devkitpro/devkitarm/bin/../lib/gcc/arm-none-eabi/10.1.0/../../../../arm-none-eabi/lib/thumb\libg.a(lib_a-callocr.o)
 .ARM.attributes
                0x00000000000009f0       0x2a c:/devkitpro/devkitarm/bin/../lib/gcc/arm-none-eabi/10.1.0/../../../../arm-none-eabi/lib/thumb\libg.a(lib_a-errno.o)
 .ARM.attributes
                0x0000000000000a1a       0x2a c:/devkitpro/devkitarm/bin/../lib/gcc/arm-none-eabi/10.1.0/../../../../arm-none-eabi/lib/thumb\libg.a(lib_a-fclose.o)
 .ARM.attributes
                0x0000000000000a44       0x2a c:/devkitpro/devkitarm/bin/../lib/gcc/arm-none-eabi/10.1.0/../../../../arm-none-eabi/lib/thumb\libg.a(lib_a-fiprintf.o)
 .ARM.attributes
                0x0000000000000a6e       0x2a c:/devkitpro/devkitarm/bin/../lib/gcc/arm-none-eabi/10.1.0/../../../../arm-none-eabi/lib/thumb\libg.a(lib_a-fvwrite.o)
 .ARM.attributes
                0x0000000000000a98       0x2a c:/devkitpro/devkitarm/bin/../lib/gcc/arm-none-eabi/10.1.0/../../../../arm-none-eabi/lib/thumb\libg.a(lib_a-getenv_r.o)
 .ARM.attributes
                0x0000000000000ac2       0x2a c:/devkitpro/devkitarm/bin/../lib/gcc/arm-none-eabi/10.1.0/../../../../arm-none-eabi/lib/thumb\libg.a(lib_a-iswspace_l.o)
 .ARM.attributes
                0x0000000000000aec       0x2a c:/devkitpro/devkitarm/bin/../lib/gcc/arm-none-eabi/10.1.0/../../../../arm-none-eabi/lib/thumb\libg.a(lib_a-jp2uc.o)
 .ARM.attributes
                0x0000000000000b16       0x2a c:/devkitpro/devkitarm/bin/../lib/gcc/arm-none-eabi/10.1.0/../../../../arm-none-eabi/lib/thumb\libg.a(lib_a-memmove.o)
 .ARM.attributes
                0x0000000000000b40       0x2a c:/devkitpro/devkitarm/bin/../lib/gcc/arm-none-eabi/10.1.0/../../../../arm-none-eabi/lib/thumb\libg.a(lib_a-abort.o)
 .ARM.attributes
                0x0000000000000b6a       0x2a c:/devkitpro/devkitarm/bin/../lib/gcc/arm-none-eabi/10.1.0/../../../../arm-none-eabi/lib/thumb\libg.a(lib_a-categories.o)
 .ARM.attributes
                0x0000000000000b94       0x30 c:/devkitpro/devkitarm/bin/../lib/gcc/arm-none-eabi/10.1.0/../../../../arm-none-eabi/lib/thumb\libg.a(lib_a-environ.o)
 .ARM.attributes
                0x0000000000000bc4       0x2a c:/devkitpro/devkitarm/bin/../lib/gcc/arm-none-eabi/10.1.0/../../../../arm-none-eabi/lib/thumb\libg.a(lib_a-envlock.o)
 .ARM.attributes
                0x0000000000000bee       0x2a c:/devkitpro/devkitarm/bin/../lib/gcc/arm-none-eabi/10.1.0/../../../../arm-none-eabi/lib/thumb\libg.a(lib_a-signal.o)
 .ARM.attributes
                0x0000000000000c18       0x2a c:/devkitpro/devkitarm/bin/../lib/gcc/arm-none-eabi/10.1.0/../../../../arm-none-eabi/lib/thumb\libsysbase.a(iosupport.o)
 .ARM.attributes
                0x0000000000000c42       0x2a c:/devkitpro/devkitarm/bin/../lib/gcc/arm-none-eabi/10.1.0/../../../../arm-none-eabi/lib/thumb\libsysbase.a(fstat.o)
 .ARM.attributes
                0x0000000000000c6c       0x2a c:/devkitpro/devkitarm/bin/../lib/gcc/arm-none-eabi/10.1.0/../../../../arm-none-eabi/lib/thumb\libsysbase.a(getpid.o)
 .ARM.attributes
                0x0000000000000c96       0x2a c:/devkitpro/devkitarm/bin/../lib/gcc/arm-none-eabi/10.1.0/../../../../arm-none-eabi/lib/thumb\libsysbase.a(isatty.o)
 .ARM.attributes
                0x0000000000000cc0       0x2a c:/devkitpro/devkitarm/bin/../lib/gcc/arm-none-eabi/10.1.0/../../../../arm-none-eabi/lib/thumb\libsysbase.a(kill.o)
 .ARM.attributes
                0x0000000000000cea       0x2a c:/devkitpro/devkitarm/bin/../lib/gcc/arm-none-eabi/10.1.0/../../../../arm-none-eabi/lib/thumb\libsysbase.a(lseek.o)
 .ARM.attributes
                0x0000000000000d14       0x2a c:/devkitpro/devkitarm/bin/../lib/gcc/arm-none-eabi/10.1.0/../../../../arm-none-eabi/lib/thumb\libsysbase.a(read.o)
 .ARM.attributes
                0x0000000000000d3e       0x2a c:/devkitpro/devkitarm/bin/../lib/gcc/arm-none-eabi/10.1.0/../../../../arm-none-eabi/lib/thumb\libsysbase.a(sbrk.o)
 .ARM.attributes
                0x0000000000000d68       0x2a c:/devkitpro/devkitarm/bin/../lib/gcc/arm-none-eabi/10.1.0/../../../../arm-none-eabi/lib/thumb\libsysbase.a(write.o)
 .ARM.attributes
                0x0000000000000d92       0x2a c:/devkitpro/devkitarm/bin/../lib/gcc/arm-none-eabi/10.1.0/../../../../arm-none-eabi/lib/thumb\libsysbase.a(_exit.o)
 .ARM.attributes
                0x0000000000000dbc       0x30 c:/devkitpro/devkitarm/bin/../lib/gcc/arm-none-eabi/10.1.0/../../../../arm-none-eabi/lib/thumb\libsysbase.a(malloc_vars.o)
 .ARM.attributes
                0x0000000000000dec       0x2a c:/devkitpro/devkitarm/bin/../lib/gcc/arm-none-eabi/10.1.0/../../../../arm-none-eabi/lib/thumb\libsysbase.a(flock.o)
 .ARM.attributes
                0x0000000000000e16       0x2a c:/devkitpro/devkitarm/bin/../lib/gcc/arm-none-eabi/10.1.0/../../../../arm-none-eabi/lib/thumb\libsysbase.a(syscall_support.o)
 .ARM.attributes
                0x0000000000000e40       0x2a c:/devkitpro/devkitarm/bin/../lib/gcc/arm-none-eabi/10.1.0/../../../../arm-none-eabi/lib/thumb\libsysbase.a(handle_manager.o)
 .ARM.attributes
                0x0000000000000e6a       0x2a c:/devkitpro/devkitarm/bin/../lib/gcc/arm-none-eabi/10.1.0/../../../../arm-none-eabi/lib/thumb\libsysbase.a(getreent.o)
 .ARM.attributes
                0x0000000000000e94       0x1c c:/devkitpro/devkitarm/bin/../lib/gcc/arm-none-eabi/10.1.0/thumb\libgcc.a(_thumb1_case_uqi.o)
 .ARM.attributes
                0x0000000000000eb0       0x1c c:/devkitpro/devkitarm/bin/../lib/gcc/arm-none-eabi/10.1.0/thumb\libgcc.a(_thumb1_case_uhi.o)
 .ARM.attributes
                0x0000000000000ecc       0x1c c:/devkitpro/devkitarm/bin/../lib/gcc/arm-none-eabi/10.1.0/thumb\libgcc.a(_arm_muldf3.o)
 .ARM.attributes
                0x0000000000000ee8       0x1c c:/devkitpro/devkitarm/bin/../lib/gcc/arm-none-eabi/10.1.0/thumb\libgcc.a(_udivsi3.o)
 .ARM.attributes
                0x0000000000000f04       0x1c c:/devkitpro/devkitarm/bin/../lib/gcc/arm-none-eabi/10.1.0/thumb\libgcc.a(_divsi3.o)
 .ARM.attributes
                0x0000000000000f20       0x1c c:/devkitpro/devkitarm/bin/../lib/gcc/arm-none-eabi/10.1.0/thumb\libgcc.a(_dvmd_tls.o)
 .ARM.attributes
                0x0000000000000f3c       0x1c c:/devkitpro/devkitarm/bin/../lib/gcc/arm-none-eabi/10.1.0/thumb\libgcc.a(_arm_addsubdf3.o)
 .ARM.attributes
                0x0000000000000f58       0x1c c:/devkitpro/devkitarm/bin/../lib/gcc/arm-none-eabi/10.1.0/thumb\libgcc.a(_arm_muldivdf3.o)
 .ARM.attributes
                0x0000000000000f74       0x1c c:/devkitpro/devkitarm/bin/../lib/gcc/arm-none-eabi/10.1.0/thumb\libgcc.a(_arm_cmpdf2.o)
 .ARM.attributes
                0x0000000000000f90       0x1c c:/devkitpro/devkitarm/bin/../lib/gcc/arm-none-eabi/10.1.0/thumb\libgcc.a(_arm_unorddf2.o)
 .ARM.attributes
                0x0000000000000fac       0x1c c:/devkitpro/devkitarm/bin/../lib/gcc/arm-none-eabi/10.1.0/thumb\libgcc.a(_arm_fixdfsi.o)
 .ARM.attributes
                0x0000000000000fc8       0x1c c:/devkitpro/devkitarm/bin/../lib/gcc/arm-none-eabi/10.1.0/thumb\libgcc.a(_aeabi_uldivmod.o)
 .ARM.attributes